[0.164s] Invoking command in '/root/ros2_ws/src/landcore_ros2/build/landdrive': CMAKE_PREFIX_PATH=${CMAKE_PREFIX_PATH}:/root/ros2_ws/install/landwheeldrive:/opt/ros/jazzy /usr/bin/cmake --build /root/ros2_ws/src/landcore_ros2/build/landdrive -- -j12 -l12
[0.189s] -- Found ament_cmake: 2.5.6 (/opt/ros/jazzy/share/ament_cmake/cmake)
[0.367s] -- Found rclcpp: 28.1.21 (/opt/ros/jazzy/share/rclcpp/cmake)
[0.387s] -- Found rosidl_generator_c: 4.6.9 (/opt/ros/jazzy/share/rosidl_generator_c/cmake)
[0.393s] -- Found rosidl_generator_cpp: 4.6.9 (/opt/ros/jazzy/share/rosidl_generator_cpp/cmake)
[0.402s] -- Using all available rosidl_typesupport_c: rosidl_typesupport_fastrtps_c;rosidl_typesupport_introspection_c
[0.412s] -- Using all available rosidl_typesupport_cpp: rosidl_typesupport_fastrtps_cpp;rosidl_typesupport_introspection_cpp
[0.458s] -- Found rmw_implementation_cmake: 7.3.3 (/opt/ros/jazzy/share/rmw_implementation_cmake/cmake)
[0.459s] -- Found rmw_fastrtps_cpp: 8.4.4 (/opt/ros/jazzy/share/rmw_fastrtps_cpp/cmake)
[0.537s] -- Using RMW implementation 'rmw_fastrtps_cpp' as default
[0.634s] -- Found std_msgs: 5.3.8 (/opt/ros/jazzy/share/std_msgs/cmake)
[0.658s] -- Found ament_lint_auto: 0.17.5 (/opt/ros/jazzy/share/ament_lint_auto/cmake)
[0.756s] -- Added test 'cppcheck' to perform static code analysis on C / C++ code
[0.756s] -- Configured cppcheck include dirs: 
[0.756s] -- Configured cppcheck exclude dirs and/or files: 
[0.758s] -- Added test 'lint_cmake' to check CMake code style
[0.759s] -- Added test 'uncrustify' to check C / C++ code style
[0.759s] -- Configured uncrustify additional arguments: 
[0.760s] -- Added test 'xmllint' to check XML markup files
[0.765s] -- Configuring done (0.6s)
[0.781s] -- Generating done (0.0s)
[0.786s] -- Build files have been written to: /root/ros2_ws/src/landcore_ros2/build/landdrive
[0.832s] [ 50%] [32mBuilding CXX object CMakeFiles/motordrive.dir/src/publisher_motor_action.cpp.o[0m
[6.860s] [100%] [32m[1mLinking CXX executable motordrive[0m
[7.032s] [100%] Built target motordrive
[7.047s] Invoked command in '/root/ros2_ws/src/landcore_ros2/build/landdrive' returned '0': CMAKE_PREFIX_PATH=${CMAKE_PREFIX_PATH}:/root/ros2_ws/install/landwheeldrive:/opt/ros/jazzy /usr/bin/cmake --build /root/ros2_ws/src/landcore_ros2/build/landdrive -- -j12 -l12
[7.056s] Invoking command in '/root/ros2_ws/src/landcore_ros2/build/landdrive': CMAKE_PREFIX_PATH=${CMAKE_PREFIX_PATH}:/root/ros2_ws/install/landwheeldrive:/opt/ros/jazzy /usr/bin/cmake --install /root/ros2_ws/src/landcore_ros2/build/landdrive
[7.062s] -- Install configuration: ""
[7.064s] -- Installing: /root/ros2_ws/src/landcore_ros2/install/landdrive/lib/landdrive/motordrive
[7.065s] -- Set non-toolchain portion of runtime path of "/root/ros2_ws/src/landcore_ros2/install/landdrive/lib/landdrive/motordrive" to ""
[7.065s] -- Up-to-date: /root/ros2_ws/src/landcore_ros2/install/landdrive/share/ament_index/resource_index/package_run_dependencies/landdrive
[7.066s] -- Installing: /root/ros2_ws/src/landcore_ros2/install/landdrive/share/ament_index/resource_index/parent_prefix_path/landdrive
[7.066s] -- Installing: /root/ros2_ws/src/landcore_ros2/install/landdrive/share/landdrive/environment/ament_prefix_path.sh
[7.066s] -- Up-to-date: /root/ros2_ws/src/landcore_ros2/install/landdrive/share/landdrive/environment/ament_prefix_path.dsv
[7.067s] -- Installing: /root/ros2_ws/src/landcore_ros2/install/landdrive/share/landdrive/environment/path.sh
[7.067s] -- Up-to-date: /root/ros2_ws/src/landcore_ros2/install/landdrive/share/landdrive/environment/path.dsv
[7.068s] -- Up-to-date: /root/ros2_ws/src/landcore_ros2/install/landdrive/share/landdrive/local_setup.bash
[7.068s] -- Up-to-date: /root/ros2_ws/src/landcore_ros2/install/landdrive/share/landdrive/local_setup.sh
[7.069s] -- Up-to-date: /root/ros2_ws/src/landcore_ros2/install/landdrive/share/landdrive/local_setup.zsh
[7.070s] -- Up-to-date: /root/ros2_ws/src/landcore_ros2/install/landdrive/share/landdrive/local_setup.dsv
[7.070s] -- Up-to-date: /root/ros2_ws/src/landcore_ros2/install/landdrive/share/landdrive/package.dsv
[7.071s] -- Up-to-date: /root/ros2_ws/src/landcore_ros2/install/landdrive/share/ament_index/resource_index/packages/landdrive
[7.071s] -- Up-to-date: /root/ros2_ws/src/landcore_ros2/install/landdrive/share/landdrive/cmake/landdriveConfig.cmake
[7.072s] -- Up-to-date: /root/ros2_ws/src/landcore_ros2/install/landdrive/share/landdrive/cmake/landdriveConfig-version.cmake
[7.073s] -- Installing: /root/ros2_ws/src/landcore_ros2/install/landdrive/share/landdrive/package.xml
[7.075s] Invoked command in '/root/ros2_ws/src/landcore_ros2/build/landdrive' returned '0': CMAKE_PREFIX_PATH=${CMAKE_PREFIX_PATH}:/root/ros2_ws/install/landwheeldrive:/opt/ros/jazzy /usr/bin/cmake --install /root/ros2_ws/src/landcore_ros2/build/landdrive
