running egg_info
writing ../build/landwheeldrive/landwheeldrive.egg-info/PKG-INFO
writing dependency_links to ../build/landwheeldrive/landwheeldrive.egg-info/dependency_links.txt
writing entry points to ../build/landwheeldrive/landwheeldrive.egg-info/entry_points.txt
writing requirements to ../build/landwheeldrive/landwheeldrive.egg-info/requires.txt
writing top-level names to ../build/landwheeldrive/landwheeldrive.egg-info/top_level.txt
reading manifest file '../build/landwheeldrive/landwheeldrive.egg-info/SOURCES.txt'
adding license file 'LICENSE'
writing manifest file '../build/landwheeldrive/landwheeldrive.egg-info/SOURCES.txt'
running build
running build_py
running install
running install_lib
running install_data
running install_egg_info
removing '/root/ros2_ws/src/landcore_ros2/install/landwheeldrive/lib/python3.12/site-packages/landwheeldrive-0.0.0-py3.12.egg-info' (and everything under it)
Copying ../build/landwheeldrive/landwheeldrive.egg-info to /root/ros2_ws/src/landcore_ros2/install/landwheeldrive/lib/python3.12/site-packages/landwheeldrive-0.0.0-py3.12.egg-info
running install_scripts
Installing cartesian_driver script to /root/ros2_ws/src/landcore_ros2/install/landwheeldrive/lib/landwheeldrive
Installing gui_controller script to /root/ros2_ws/src/landcore_ros2/install/landwheeldrive/lib/landwheeldrive
Installing motorlisten script to /root/ros2_ws/src/landcore_ros2/install/landwheeldrive/lib/landwheeldrive
Installing pid_tuner script to /root/ros2_ws/src/landcore_ros2/install/landwheeldrive/lib/landwheeldrive
writing list of installed files to '/root/ros2_ws/src/landcore_ros2/build/landwheeldrive/install.log'
