/root/ros2_ws/src/landcore_ros2/install/landwheeldrive/lib/python3.12/site-packages/landwheeldrive/DCTest.py
/root/ros2_ws/src/landcore_ros2/install/landwheeldrive/lib/python3.12/site-packages/landwheeldrive/gui_control.py
/root/ros2_ws/src/landcore_ros2/install/landwheeldrive/lib/python3.12/site-packages/landwheeldrive/cartesian_drive.py
/root/ros2_ws/src/landcore_ros2/install/landwheeldrive/lib/python3.12/site-packages/landwheeldrive/subscriber_motor_action.py
/root/ros2_ws/src/landcore_ros2/install/landwheeldrive/lib/python3.12/site-packages/landwheeldrive/Emakefun_MotorDriver.py
/root/ros2_ws/src/landcore_ros2/install/landwheeldrive/lib/python3.12/site-packages/landwheeldrive/__init__.py
/root/ros2_ws/src/landcore_ros2/install/landwheeldrive/lib/python3.12/site-packages/landwheeldrive/pid_tune.py
/root/ros2_ws/src/landcore_ros2/install/landwheeldrive/lib/python3.12/site-packages/landwheeldrive/Emakefun_I2C.py
/root/ros2_ws/src/landcore_ros2/install/landwheeldrive/lib/python3.12/site-packages/landwheeldrive/Emakefun_MotorHAT.py
/root/ros2_ws/src/landcore_ros2/install/landwheeldrive/lib/python3.12/site-packages/landwheeldrive/__pycache__/DCTest.cpython-312.pyc
/root/ros2_ws/src/landcore_ros2/install/landwheeldrive/lib/python3.12/site-packages/landwheeldrive/__pycache__/gui_control.cpython-312.pyc
/root/ros2_ws/src/landcore_ros2/install/landwheeldrive/lib/python3.12/site-packages/landwheeldrive/__pycache__/cartesian_drive.cpython-312.pyc
/root/ros2_ws/src/landcore_ros2/install/landwheeldrive/lib/python3.12/site-packages/landwheeldrive/__pycache__/subscriber_motor_action.cpython-312.pyc
/root/ros2_ws/src/landcore_ros2/install/landwheeldrive/lib/python3.12/site-packages/landwheeldrive/__pycache__/Emakefun_MotorDriver.cpython-312.pyc
/root/ros2_ws/src/landcore_ros2/install/landwheeldrive/lib/python3.12/site-packages/landwheeldrive/__pycache__/__init__.cpython-312.pyc
/root/ros2_ws/src/landcore_ros2/install/landwheeldrive/lib/python3.12/site-packages/landwheeldrive/__pycache__/pid_tune.cpython-312.pyc
/root/ros2_ws/src/landcore_ros2/install/landwheeldrive/lib/python3.12/site-packages/landwheeldrive/__pycache__/Emakefun_I2C.cpython-312.pyc
/root/ros2_ws/src/landcore_ros2/install/landwheeldrive/lib/python3.12/site-packages/landwheeldrive/__pycache__/Emakefun_MotorHAT.cpython-312.pyc
/root/ros2_ws/src/landcore_ros2/install/landwheeldrive/share/ament_index/resource_index/packages/landwheeldrive
/root/ros2_ws/src/landcore_ros2/install/landwheeldrive/share/landwheeldrive/package.xml
/root/ros2_ws/src/landcore_ros2/install/landwheeldrive/share/landwheeldrive/launch/onboard_control_launch.xml
/root/ros2_ws/src/landcore_ros2/install/landwheeldrive/share/landwheeldrive/launch/pwm_pid_launch.xml
/root/ros2_ws/src/landcore_ros2/install/landwheeldrive/lib/python3.12/site-packages/landwheeldrive-0.0.0-py3.12.egg-info/PKG-INFO
/root/ros2_ws/src/landcore_ros2/install/landwheeldrive/lib/python3.12/site-packages/landwheeldrive-0.0.0-py3.12.egg-info/entry_points.txt
/root/ros2_ws/src/landcore_ros2/install/landwheeldrive/lib/python3.12/site-packages/landwheeldrive-0.0.0-py3.12.egg-info/dependency_links.txt
/root/ros2_ws/src/landcore_ros2/install/landwheeldrive/lib/python3.12/site-packages/landwheeldrive-0.0.0-py3.12.egg-info/top_level.txt
/root/ros2_ws/src/landcore_ros2/install/landwheeldrive/lib/python3.12/site-packages/landwheeldrive-0.0.0-py3.12.egg-info/requires.txt
/root/ros2_ws/src/landcore_ros2/install/landwheeldrive/lib/python3.12/site-packages/landwheeldrive-0.0.0-py3.12.egg-info/zip-safe
/root/ros2_ws/src/landcore_ros2/install/landwheeldrive/lib/python3.12/site-packages/landwheeldrive-0.0.0-py3.12.egg-info/SOURCES.txt
/root/ros2_ws/src/landcore_ros2/install/landwheeldrive/lib/landwheeldrive/cartesian_driver
/root/ros2_ws/src/landcore_ros2/install/landwheeldrive/lib/landwheeldrive/gui_controller
/root/ros2_ws/src/landcore_ros2/install/landwheeldrive/lib/landwheeldrive/motorlisten
/root/ros2_ws/src/landcore_ros2/install/landwheeldrive/lib/landwheeldrive/pid_tuner
