[0.074s] DEBUG:colcon:Command line arguments: ['/usr/bin/colcon', 'build']
[0.074s] DEBUG:colcon:Parsed command line arguments: Namespace(log_base=None, log_level=None, verb_name='build', build_base='build', install_base='install', merge_install=False, symlink_install=False, test_result_base=None, continue_on_error=False, executor='parallel', parallel_workers=12, event_handlers=None, ignore_user_meta=False, metas=['./colcon.meta'], base_paths=['.'], packages_ignore=None, packages_ignore_regex=None, paths=None, packages_up_to=None, packages_up_to_regex=None, packages_above=None, packages_above_and_dependencies=None, packages_above_depth=None, packages_select_by_dep=None, packages_skip_by_dep=None, packages_skip_up_to=None, packages_select_build_failed=False, packages_skip_build_finished=False, packages_select_test_failures=False, packages_skip_test_passed=False, packages_select=None, packages_skip=None, packages_select_regex=None, packages_skip_regex=None, packages_start=None, packages_end=None, cmake_args=None, cmake_target=None, cmake_target_skip_unavailable=False, cmake_clean_cache=False, cmake_clean_first=False, cmake_force_configure=False, ament_cmake_args=None, catkin_cmake_args=None, catkin_skip_building_tests=False, mixin_files=None, mixin=None, verb_parser=<colcon_mixin.mixin.mixin_argument.MixinArgumentDecorator object at 0x79f0bdfc9580>, verb_extension=<colcon_core.verb.build.BuildVerb object at 0x79f0be0e74d0>, main=<bound method BuildVerb.main of <colcon_core.verb.build.BuildVerb object at 0x79f0be0e74d0>>, mixin_verb=('build',))
[0.107s] Level 1:colcon.colcon_core.package_discovery:discover_packages(colcon_meta) check parameters
[0.107s] INFO:colcon.colcon_metadata.package_discovery.colcon_meta:Using configuration from '/root/.colcon/metadata/default/Gazebo.meta'
[0.107s] INFO:colcon.colcon_metadata.package_discovery.colcon_meta:Using configuration from '/root/.colcon/metadata/default/fastdds.meta'
[0.108s] INFO:colcon.colcon_metadata.package_discovery.colcon_meta:Using configuration from '/root/.colcon/metadata/default/fastrtps.meta'
[0.108s] Level 1:colcon.colcon_core.package_discovery:discover_packages(recursive) check parameters
[0.108s] Level 1:colcon.colcon_core.package_discovery:discover_packages(ignore) check parameters
[0.108s] Level 1:colcon.colcon_core.package_discovery:discover_packages(path) check parameters
[0.108s] Level 1:colcon.colcon_core.package_discovery:discover_packages(colcon_meta) discover
[0.108s] Level 1:colcon.colcon_core.package_discovery:discover_packages(recursive) discover
[0.108s] INFO:colcon.colcon_core.package_discovery:Crawling recursively for packages in '/root/ros2_ws/src/landcore_ros2'
[0.108s] Level 1:colcon.colcon_core.package_identification:_identify(.) by extensions ['ignore', 'ignore_ament_install']
[0.108s] Level 1:colcon.colcon_core.package_identification:_identify(.) by extension 'ignore'
[0.108s] Level 1:colcon.colcon_core.package_identification:_identify(.) by extension 'ignore_ament_install'
[0.108s] Level 1:colcon.colcon_core.package_identification:_identify(.) by extensions ['colcon_pkg']
[0.108s] Level 1:colcon.colcon_core.package_identification:_identify(.) by extension 'colcon_pkg'
[0.108s] Level 1:colcon.colcon_core.package_identification:_identify(.) by extensions ['colcon_meta']
[0.108s] Level 1:colcon.colcon_core.package_identification:_identify(.) by extension 'colcon_meta'
[0.108s] Level 1:colcon.colcon_core.package_identification:_identify(.) by extensions ['ros']
[0.108s] Level 1:colcon.colcon_core.package_identification:_identify(.) by extension 'ros'
[0.128s] Level 1:colcon.colcon_core.package_identification:_identify(.) by extensions ['cmake', 'python']
[0.128s] Level 1:colcon.colcon_core.package_identification:_identify(.) by extension 'cmake'
[0.128s] Level 1:colcon.colcon_core.package_identification:_identify(.) by extension 'python'
[0.129s] Level 1:colcon.colcon_core.package_identification:_identify(.) by extensions ['python_setup_py']
[0.129s] Level 1:colcon.colcon_core.package_identification:_identify(.) by extension 'python_setup_py'
[0.129s] Level 1:colcon.colcon_core.package_identification:_identify(build) by extensions ['ignore', 'ignore_ament_install']
[0.129s] Level 1:colcon.colcon_core.package_identification:_identify(build) by extension 'ignore'
[0.129s] Level 1:colcon.colcon_core.package_identification:_identify(build) ignored
[0.129s] Level 1:colcon.colcon_core.package_identification:_identify(dc_encoder_service) by extensions ['ignore', 'ignore_ament_install']
[0.129s] Level 1:colcon.colcon_core.package_identification:_identify(dc_encoder_service) by extension 'ignore'
[0.129s] Level 1:colcon.colcon_core.package_identification:_identify(dc_encoder_service) by extension 'ignore_ament_install'
[0.129s] Level 1:colcon.colcon_core.package_identification:_identify(dc_encoder_service) by extensions ['colcon_pkg']
[0.129s] Level 1:colcon.colcon_core.package_identification:_identify(dc_encoder_service) by extension 'colcon_pkg'
[0.129s] Level 1:colcon.colcon_core.package_identification:_identify(dc_encoder_service) by extensions ['colcon_meta']
[0.129s] Level 1:colcon.colcon_core.package_identification:_identify(dc_encoder_service) by extension 'colcon_meta'
[0.129s] Level 1:colcon.colcon_core.package_identification:_identify(dc_encoder_service) by extensions ['ros']
[0.129s] Level 1:colcon.colcon_core.package_identification:_identify(dc_encoder_service) by extension 'ros'
[0.132s] DEBUG:colcon.colcon_core.package_identification:Package 'dc_encoder_service' with type 'ros.ament_cmake' and name 'dc_encoder_service'
[0.133s] Level 1:colcon.colcon_core.package_identification:_identify(docker) by extensions ['ignore', 'ignore_ament_install']
[0.133s] Level 1:colcon.colcon_core.package_identification:_identify(docker) by extension 'ignore'
[0.133s] Level 1:colcon.colcon_core.package_identification:_identify(docker) by extension 'ignore_ament_install'
[0.133s] Level 1:colcon.colcon_core.package_identification:_identify(docker) by extensions ['colcon_pkg']
[0.133s] Level 1:colcon.colcon_core.package_identification:_identify(docker) by extension 'colcon_pkg'
[0.133s] Level 1:colcon.colcon_core.package_identification:_identify(docker) by extensions ['colcon_meta']
[0.133s] Level 1:colcon.colcon_core.package_identification:_identify(docker) by extension 'colcon_meta'
[0.133s] Level 1:colcon.colcon_core.package_identification:_identify(docker) by extensions ['ros']
[0.133s] Level 1:colcon.colcon_core.package_identification:_identify(docker) by extension 'ros'
[0.133s] Level 1:colcon.colcon_core.package_identification:_identify(docker) by extensions ['cmake', 'python']
[0.133s] Level 1:colcon.colcon_core.package_identification:_identify(docker) by extension 'cmake'
[0.133s] Level 1:colcon.colcon_core.package_identification:_identify(docker) by extension 'python'
[0.133s] Level 1:colcon.colcon_core.package_identification:_identify(docker) by extensions ['python_setup_py']
[0.133s] Level 1:colcon.colcon_core.package_identification:_identify(docker) by extension 'python_setup_py'
[0.134s] Level 1:colcon.colcon_core.package_identification:_identify(install) by extensions ['ignore', 'ignore_ament_install']
[0.134s] Level 1:colcon.colcon_core.package_identification:_identify(install) by extension 'ignore'
[0.134s] Level 1:colcon.colcon_core.package_identification:_identify(install) ignored
[0.134s] Level 1:colcon.colcon_core.package_identification:_identify(land_camera) by extensions ['ignore', 'ignore_ament_install']
[0.134s] Level 1:colcon.colcon_core.package_identification:_identify(land_camera) by extension 'ignore'
[0.134s] Level 1:colcon.colcon_core.package_identification:_identify(land_camera) by extension 'ignore_ament_install'
[0.134s] Level 1:colcon.colcon_core.package_identification:_identify(land_camera) by extensions ['colcon_pkg']
[0.134s] Level 1:colcon.colcon_core.package_identification:_identify(land_camera) by extension 'colcon_pkg'
[0.134s] Level 1:colcon.colcon_core.package_identification:_identify(land_camera) by extensions ['colcon_meta']
[0.134s] Level 1:colcon.colcon_core.package_identification:_identify(land_camera) by extension 'colcon_meta'
[0.134s] Level 1:colcon.colcon_core.package_identification:_identify(land_camera) by extensions ['ros']
[0.134s] Level 1:colcon.colcon_core.package_identification:_identify(land_camera) by extension 'ros'
[0.135s] DEBUG:colcon.colcon_core.package_identification:Package 'land_camera' with type 'ros.ament_python' and name 'land_camera'
[0.135s] Level 1:colcon.colcon_core.package_identification:_identify(land_description) by extensions ['ignore', 'ignore_ament_install']
[0.135s] Level 1:colcon.colcon_core.package_identification:_identify(land_description) by extension 'ignore'
[0.135s] Level 1:colcon.colcon_core.package_identification:_identify(land_description) by extension 'ignore_ament_install'
[0.136s] Level 1:colcon.colcon_core.package_identification:_identify(land_description) by extensions ['colcon_pkg']
[0.136s] Level 1:colcon.colcon_core.package_identification:_identify(land_description) by extension 'colcon_pkg'
[0.136s] Level 1:colcon.colcon_core.package_identification:_identify(land_description) by extensions ['colcon_meta']
[0.136s] Level 1:colcon.colcon_core.package_identification:_identify(land_description) by extension 'colcon_meta'
[0.136s] Level 1:colcon.colcon_core.package_identification:_identify(land_description) by extensions ['ros']
[0.136s] Level 1:colcon.colcon_core.package_identification:_identify(land_description) by extension 'ros'
[0.137s] DEBUG:colcon.colcon_core.package_identification:Package 'land_description' with type 'ros.ament_cmake' and name 'land_description'
[0.137s] Level 1:colcon.colcon_core.package_identification:_identify(landdrive) by extensions ['ignore', 'ignore_ament_install']
[0.137s] Level 1:colcon.colcon_core.package_identification:_identify(landdrive) by extension 'ignore'
[0.137s] Level 1:colcon.colcon_core.package_identification:_identify(landdrive) by extension 'ignore_ament_install'
[0.137s] Level 1:colcon.colcon_core.package_identification:_identify(landdrive) by extensions ['colcon_pkg']
[0.137s] Level 1:colcon.colcon_core.package_identification:_identify(landdrive) by extension 'colcon_pkg'
[0.137s] Level 1:colcon.colcon_core.package_identification:_identify(landdrive) by extensions ['colcon_meta']
[0.137s] Level 1:colcon.colcon_core.package_identification:_identify(landdrive) by extension 'colcon_meta'
[0.137s] Level 1:colcon.colcon_core.package_identification:_identify(landdrive) by extensions ['ros']
[0.137s] Level 1:colcon.colcon_core.package_identification:_identify(landdrive) by extension 'ros'
[0.138s] DEBUG:colcon.colcon_core.package_identification:Package 'landdrive' with type 'ros.ament_cmake' and name 'landdrive'
[0.138s] Level 1:colcon.colcon_core.package_identification:_identify(landwheeldrive) by extensions ['ignore', 'ignore_ament_install']
[0.138s] Level 1:colcon.colcon_core.package_identification:_identify(landwheeldrive) by extension 'ignore'
[0.138s] Level 1:colcon.colcon_core.package_identification:_identify(landwheeldrive) by extension 'ignore_ament_install'
[0.138s] Level 1:colcon.colcon_core.package_identification:_identify(landwheeldrive) by extensions ['colcon_pkg']
[0.138s] Level 1:colcon.colcon_core.package_identification:_identify(landwheeldrive) by extension 'colcon_pkg'
[0.138s] Level 1:colcon.colcon_core.package_identification:_identify(landwheeldrive) by extensions ['colcon_meta']
[0.138s] Level 1:colcon.colcon_core.package_identification:_identify(landwheeldrive) by extension 'colcon_meta'
[0.138s] Level 1:colcon.colcon_core.package_identification:_identify(landwheeldrive) by extensions ['ros']
[0.139s] Level 1:colcon.colcon_core.package_identification:_identify(landwheeldrive) by extension 'ros'
[0.139s] DEBUG:colcon.colcon_core.package_identification:Package 'landwheeldrive' with type 'ros.ament_python' and name 'landwheeldrive'
[0.139s] Level 1:colcon.colcon_core.package_identification:_identify(launch) by extensions ['ignore', 'ignore_ament_install']
[0.139s] Level 1:colcon.colcon_core.package_identification:_identify(launch) by extension 'ignore'
[0.139s] Level 1:colcon.colcon_core.package_identification:_identify(launch) by extension 'ignore_ament_install'
[0.139s] Level 1:colcon.colcon_core.package_identification:_identify(launch) by extensions ['colcon_pkg']
[0.139s] Level 1:colcon.colcon_core.package_identification:_identify(launch) by extension 'colcon_pkg'
[0.140s] Level 1:colcon.colcon_core.package_identification:_identify(launch) by extensions ['colcon_meta']
[0.140s] Level 1:colcon.colcon_core.package_identification:_identify(launch) by extension 'colcon_meta'
[0.140s] Level 1:colcon.colcon_core.package_identification:_identify(launch) by extensions ['ros']
[0.140s] Level 1:colcon.colcon_core.package_identification:_identify(launch) by extension 'ros'
[0.140s] Level 1:colcon.colcon_core.package_identification:_identify(launch) by extensions ['cmake', 'python']
[0.140s] Level 1:colcon.colcon_core.package_identification:_identify(launch) by extension 'cmake'
[0.140s] Level 1:colcon.colcon_core.package_identification:_identify(launch) by extension 'python'
[0.140s] Level 1:colcon.colcon_core.package_identification:_identify(launch) by extensions ['python_setup_py']
[0.140s] Level 1:colcon.colcon_core.package_identification:_identify(launch) by extension 'python_setup_py'
[0.140s] Level 1:colcon.colcon_core.package_identification:_identify(log) by extensions ['ignore', 'ignore_ament_install']
[0.140s] Level 1:colcon.colcon_core.package_identification:_identify(log) by extension 'ignore'
[0.140s] Level 1:colcon.colcon_core.package_identification:_identify(log) ignored
[0.140s] Level 1:colcon.colcon_core.package_identification:_identify(sllidar_ros2) by extensions ['ignore', 'ignore_ament_install']
[0.140s] Level 1:colcon.colcon_core.package_identification:_identify(sllidar_ros2) by extension 'ignore'
[0.140s] Level 1:colcon.colcon_core.package_identification:_identify(sllidar_ros2) by extension 'ignore_ament_install'
[0.141s] Level 1:colcon.colcon_core.package_identification:_identify(sllidar_ros2) by extensions ['colcon_pkg']
[0.141s] Level 1:colcon.colcon_core.package_identification:_identify(sllidar_ros2) by extension 'colcon_pkg'
[0.141s] Level 1:colcon.colcon_core.package_identification:_identify(sllidar_ros2) by extensions ['colcon_meta']
[0.141s] Level 1:colcon.colcon_core.package_identification:_identify(sllidar_ros2) by extension 'colcon_meta'
[0.141s] Level 1:colcon.colcon_core.package_identification:_identify(sllidar_ros2) by extensions ['ros']
[0.141s] Level 1:colcon.colcon_core.package_identification:_identify(sllidar_ros2) by extension 'ros'
[0.141s] DEBUG:colcon.colcon_core.package_identification:Package 'sllidar_ros2' with type 'ros.ament_cmake' and name 'sllidar_ros2'
[0.141s] Level 1:colcon.colcon_core.package_discovery:discover_packages(recursive) using defaults
[0.142s] Level 1:colcon.colcon_core.package_discovery:discover_packages(ignore) discover
[0.142s] Level 1:colcon.colcon_core.package_discovery:discover_packages(ignore) using defaults
[0.142s] Level 1:colcon.colcon_core.package_discovery:discover_packages(path) discover
[0.142s] Level 1:colcon.colcon_core.package_discovery:discover_packages(path) using defaults
[0.167s] Level 5:colcon.colcon_core.verb:set package 'dc_encoder_service' build argument 'cmake_args' from command line to 'None'
[0.167s] Level 5:colcon.colcon_core.verb:set package 'dc_encoder_service' build argument 'cmake_target' from command line to 'None'
[0.167s] Level 5:colcon.colcon_core.verb:set package 'dc_encoder_service' build argument 'cmake_target_skip_unavailable' from command line to 'False'
[0.167s] Level 5:colcon.colcon_core.verb:set package 'dc_encoder_service' build argument 'cmake_clean_cache' from command line to 'False'
[0.167s] Level 5:colcon.colcon_core.verb:set package 'dc_encoder_service' build argument 'cmake_clean_first' from command line to 'False'
[0.167s] Level 5:colcon.colcon_core.verb:set package 'dc_encoder_service' build argument 'cmake_force_configure' from command line to 'False'
[0.167s] Level 5:colcon.colcon_core.verb:set package 'dc_encoder_service' build argument 'ament_cmake_args' from command line to 'None'
[0.167s] Level 5:colcon.colcon_core.verb:set package 'dc_encoder_service' build argument 'catkin_cmake_args' from command line to 'None'
[0.167s] Level 5:colcon.colcon_core.verb:set package 'dc_encoder_service' build argument 'catkin_skip_building_tests' from command line to 'False'
[0.167s] DEBUG:colcon.colcon_core.verb:Building package 'dc_encoder_service' with the following arguments: {'ament_cmake_args': None, 'build_base': '/root/ros2_ws/src/landcore_ros2/build/dc_encoder_service', 'catkin_cmake_args': None, 'catkin_skip_building_tests': False, 'cmake_args': None, 'cmake_clean_cache': False, 'cmake_clean_first': False, 'cmake_force_configure': False, 'cmake_target': None, 'cmake_target_skip_unavailable': False, 'install_base': '/root/ros2_ws/src/landcore_ros2/install/dc_encoder_service', 'merge_install': False, 'path': '/root/ros2_ws/src/landcore_ros2/dc_encoder_service', 'symlink_install': False, 'test_result_base': None}
[0.167s] Level 5:colcon.colcon_core.verb:set package 'land_camera' build argument 'cmake_args' from command line to 'None'
[0.168s] Level 5:colcon.colcon_core.verb:set package 'land_camera' build argument 'cmake_target' from command line to 'None'
[0.168s] Level 5:colcon.colcon_core.verb:set package 'land_camera' build argument 'cmake_target_skip_unavailable' from command line to 'False'
[0.168s] Level 5:colcon.colcon_core.verb:set package 'land_camera' build argument 'cmake_clean_cache' from command line to 'False'
[0.168s] Level 5:colcon.colcon_core.verb:set package 'land_camera' build argument 'cmake_clean_first' from command line to 'False'
[0.168s] Level 5:colcon.colcon_core.verb:set package 'land_camera' build argument 'cmake_force_configure' from command line to 'False'
[0.168s] Level 5:colcon.colcon_core.verb:set package 'land_camera' build argument 'ament_cmake_args' from command line to 'None'
[0.168s] Level 5:colcon.colcon_core.verb:set package 'land_camera' build argument 'catkin_cmake_args' from command line to 'None'
[0.168s] Level 5:colcon.colcon_core.verb:set package 'land_camera' build argument 'catkin_skip_building_tests' from command line to 'False'
[0.168s] DEBUG:colcon.colcon_core.verb:Building package 'land_camera' with the following arguments: {'ament_cmake_args': None, 'build_base': '/root/ros2_ws/src/landcore_ros2/build/land_camera', 'catkin_cmake_args': None, 'catkin_skip_building_tests': False, 'cmake_args': None, 'cmake_clean_cache': False, 'cmake_clean_first': False, 'cmake_force_configure': False, 'cmake_target': None, 'cmake_target_skip_unavailable': False, 'install_base': '/root/ros2_ws/src/landcore_ros2/install/land_camera', 'merge_install': False, 'path': '/root/ros2_ws/src/landcore_ros2/land_camera', 'symlink_install': False, 'test_result_base': None}
[0.168s] Level 5:colcon.colcon_core.verb:set package 'land_description' build argument 'cmake_args' from command line to 'None'
[0.168s] Level 5:colcon.colcon_core.verb:set package 'land_description' build argument 'cmake_target' from command line to 'None'
[0.168s] Level 5:colcon.colcon_core.verb:set package 'land_description' build argument 'cmake_target_skip_unavailable' from command line to 'False'
[0.168s] Level 5:colcon.colcon_core.verb:set package 'land_description' build argument 'cmake_clean_cache' from command line to 'False'
[0.168s] Level 5:colcon.colcon_core.verb:set package 'land_description' build argument 'cmake_clean_first' from command line to 'False'
[0.168s] Level 5:colcon.colcon_core.verb:set package 'land_description' build argument 'cmake_force_configure' from command line to 'False'
[0.168s] Level 5:colcon.colcon_core.verb:set package 'land_description' build argument 'ament_cmake_args' from command line to 'None'
[0.169s] Level 5:colcon.colcon_core.verb:set package 'land_description' build argument 'catkin_cmake_args' from command line to 'None'
[0.169s] Level 5:colcon.colcon_core.verb:set package 'land_description' build argument 'catkin_skip_building_tests' from command line to 'False'
[0.169s] DEBUG:colcon.colcon_core.verb:Building package 'land_description' with the following arguments: {'ament_cmake_args': None, 'build_base': '/root/ros2_ws/src/landcore_ros2/build/land_description', 'catkin_cmake_args': None, 'catkin_skip_building_tests': False, 'cmake_args': None, 'cmake_clean_cache': False, 'cmake_clean_first': False, 'cmake_force_configure': False, 'cmake_target': None, 'cmake_target_skip_unavailable': False, 'install_base': '/root/ros2_ws/src/landcore_ros2/install/land_description', 'merge_install': False, 'path': '/root/ros2_ws/src/landcore_ros2/land_description', 'symlink_install': False, 'test_result_base': None}
[0.169s] Level 5:colcon.colcon_core.verb:set package 'landdrive' build argument 'cmake_args' from command line to 'None'
[0.169s] Level 5:colcon.colcon_core.verb:set package 'landdrive' build argument 'cmake_target' from command line to 'None'
[0.169s] Level 5:colcon.colcon_core.verb:set package 'landdrive' build argument 'cmake_target_skip_unavailable' from command line to 'False'
[0.169s] Level 5:colcon.colcon_core.verb:set package 'landdrive' build argument 'cmake_clean_cache' from command line to 'False'
[0.169s] Level 5:colcon.colcon_core.verb:set package 'landdrive' build argument 'cmake_clean_first' from command line to 'False'
[0.169s] Level 5:colcon.colcon_core.verb:set package 'landdrive' build argument 'cmake_force_configure' from command line to 'False'
[0.169s] Level 5:colcon.colcon_core.verb:set package 'landdrive' build argument 'ament_cmake_args' from command line to 'None'
[0.169s] Level 5:colcon.colcon_core.verb:set package 'landdrive' build argument 'catkin_cmake_args' from command line to 'None'
[0.169s] Level 5:colcon.colcon_core.verb:set package 'landdrive' build argument 'catkin_skip_building_tests' from command line to 'False'
[0.169s] DEBUG:colcon.colcon_core.verb:Building package 'landdrive' with the following arguments: {'ament_cmake_args': None, 'build_base': '/root/ros2_ws/src/landcore_ros2/build/landdrive', 'catkin_cmake_args': None, 'catkin_skip_building_tests': False, 'cmake_args': None, 'cmake_clean_cache': False, 'cmake_clean_first': False, 'cmake_force_configure': False, 'cmake_target': None, 'cmake_target_skip_unavailable': False, 'install_base': '/root/ros2_ws/src/landcore_ros2/install/landdrive', 'merge_install': False, 'path': '/root/ros2_ws/src/landcore_ros2/landdrive', 'symlink_install': False, 'test_result_base': None}
[0.170s] Level 5:colcon.colcon_core.verb:set package 'sllidar_ros2' build argument 'cmake_args' from command line to 'None'
[0.170s] Level 5:colcon.colcon_core.verb:set package 'sllidar_ros2' build argument 'cmake_target' from command line to 'None'
[0.170s] Level 5:colcon.colcon_core.verb:set package 'sllidar_ros2' build argument 'cmake_target_skip_unavailable' from command line to 'False'
[0.170s] Level 5:colcon.colcon_core.verb:set package 'sllidar_ros2' build argument 'cmake_clean_cache' from command line to 'False'
[0.170s] Level 5:colcon.colcon_core.verb:set package 'sllidar_ros2' build argument 'cmake_clean_first' from command line to 'False'
[0.170s] Level 5:colcon.colcon_core.verb:set package 'sllidar_ros2' build argument 'cmake_force_configure' from command line to 'False'
[0.170s] Level 5:colcon.colcon_core.verb:set package 'sllidar_ros2' build argument 'ament_cmake_args' from command line to 'None'
[0.170s] Level 5:colcon.colcon_core.verb:set package 'sllidar_ros2' build argument 'catkin_cmake_args' from command line to 'None'
[0.170s] Level 5:colcon.colcon_core.verb:set package 'sllidar_ros2' build argument 'catkin_skip_building_tests' from command line to 'False'
[0.170s] DEBUG:colcon.colcon_core.verb:Building package 'sllidar_ros2' with the following arguments: {'ament_cmake_args': None, 'build_base': '/root/ros2_ws/src/landcore_ros2/build/sllidar_ros2', 'catkin_cmake_args': None, 'catkin_skip_building_tests': False, 'cmake_args': None, 'cmake_clean_cache': False, 'cmake_clean_first': False, 'cmake_force_configure': False, 'cmake_target': None, 'cmake_target_skip_unavailable': False, 'install_base': '/root/ros2_ws/src/landcore_ros2/install/sllidar_ros2', 'merge_install': False, 'path': '/root/ros2_ws/src/landcore_ros2/sllidar_ros2', 'symlink_install': False, 'test_result_base': None}
[0.170s] Level 5:colcon.colcon_core.verb:set package 'landwheeldrive' build argument 'cmake_args' from command line to 'None'
[0.170s] Level 5:colcon.colcon_core.verb:set package 'landwheeldrive' build argument 'cmake_target' from command line to 'None'
[0.170s] Level 5:colcon.colcon_core.verb:set package 'landwheeldrive' build argument 'cmake_target_skip_unavailable' from command line to 'False'
[0.170s] Level 5:colcon.colcon_core.verb:set package 'landwheeldrive' build argument 'cmake_clean_cache' from command line to 'False'
[0.170s] Level 5:colcon.colcon_core.verb:set package 'landwheeldrive' build argument 'cmake_clean_first' from command line to 'False'
[0.170s] Level 5:colcon.colcon_core.verb:set package 'landwheeldrive' build argument 'cmake_force_configure' from command line to 'False'
[0.170s] Level 5:colcon.colcon_core.verb:set package 'landwheeldrive' build argument 'ament_cmake_args' from command line to 'None'
[0.170s] Level 5:colcon.colcon_core.verb:set package 'landwheeldrive' build argument 'catkin_cmake_args' from command line to 'None'
[0.170s] Level 5:colcon.colcon_core.verb:set package 'landwheeldrive' build argument 'catkin_skip_building_tests' from command line to 'False'
[0.170s] DEBUG:colcon.colcon_core.verb:Building package 'landwheeldrive' with the following arguments: {'ament_cmake_args': None, 'build_base': '/root/ros2_ws/src/landcore_ros2/build/landwheeldrive', 'catkin_cmake_args': None, 'catkin_skip_building_tests': False, 'cmake_args': None, 'cmake_clean_cache': False, 'cmake_clean_first': False, 'cmake_force_configure': False, 'cmake_target': None, 'cmake_target_skip_unavailable': False, 'install_base': '/root/ros2_ws/src/landcore_ros2/install/landwheeldrive', 'merge_install': False, 'path': '/root/ros2_ws/src/landcore_ros2/landwheeldrive', 'symlink_install': False, 'test_result_base': None}
[0.171s] INFO:colcon.colcon_core.executor:Executing jobs using 'parallel' executor
[0.172s] DEBUG:colcon.colcon_parallel_executor.executor.parallel:run_until_complete
[0.172s] INFO:colcon.colcon_ros.task.ament_cmake.build:Building ROS package in '/root/ros2_ws/src/landcore_ros2/dc_encoder_service' with build type 'ament_cmake'
[0.172s] INFO:colcon.colcon_cmake.task.cmake.build:Building CMake package in '/root/ros2_ws/src/landcore_ros2/dc_encoder_service'
[0.175s] INFO:colcon.colcon_core.plugin_system:Skipping extension 'colcon_core.shell.bat': Not used on non-Windows systems
[0.175s] INFO:colcon.colcon_core.shell:Skip shell extension 'powershell' for command environment: Not usable outside of PowerShell
[0.175s] DEBUG:colcon.colcon_core.shell:Skip shell extension 'dsv' for command environment
[0.182s] INFO:colcon.colcon_ros.task.ament_python.build:Building ROS package in '/root/ros2_ws/src/landcore_ros2/land_camera' with build type 'ament_python'
[0.183s] Level 1:colcon.colcon_core.shell:create_environment_hook('land_camera', 'ament_prefix_path')
[0.183s] INFO:colcon.colcon_core.shell:Creating environment hook '/root/ros2_ws/src/landcore_ros2/install/land_camera/share/land_camera/hook/ament_prefix_path.ps1'
[0.184s] INFO:colcon.colcon_core.shell:Creating environment descriptor '/root/ros2_ws/src/landcore_ros2/install/land_camera/share/land_camera/hook/ament_prefix_path.dsv'
[0.185s] INFO:colcon.colcon_core.shell:Creating environment hook '/root/ros2_ws/src/landcore_ros2/install/land_camera/share/land_camera/hook/ament_prefix_path.sh'
[0.186s] INFO:colcon.colcon_core.shell:Skip shell extension 'powershell' for command environment: Not usable outside of PowerShell
[0.186s] DEBUG:colcon.colcon_core.shell:Skip shell extension 'dsv' for command environment
[0.191s] INFO:colcon.colcon_ros.task.ament_cmake.build:Building ROS package in '/root/ros2_ws/src/landcore_ros2/land_description' with build type 'ament_cmake'
[0.191s] INFO:colcon.colcon_cmake.task.cmake.build:Building CMake package in '/root/ros2_ws/src/landcore_ros2/land_description'
[0.192s] INFO:colcon.colcon_core.shell:Skip shell extension 'powershell' for command environment: Not usable outside of PowerShell
[0.192s] DEBUG:colcon.colcon_core.shell:Skip shell extension 'dsv' for command environment
[0.197s] INFO:colcon.colcon_ros.task.ament_cmake.build:Building ROS package in '/root/ros2_ws/src/landcore_ros2/landdrive' with build type 'ament_cmake'
[0.197s] INFO:colcon.colcon_cmake.task.cmake.build:Building CMake package in '/root/ros2_ws/src/landcore_ros2/landdrive'
[0.197s] INFO:colcon.colcon_core.shell:Skip shell extension 'powershell' for command environment: Not usable outside of PowerShell
[0.197s] DEBUG:colcon.colcon_core.shell:Skip shell extension 'dsv' for command environment
[0.202s] INFO:colcon.colcon_ros.task.ament_cmake.build:Building ROS package in '/root/ros2_ws/src/landcore_ros2/sllidar_ros2' with build type 'ament_cmake'
[0.202s] INFO:colcon.colcon_cmake.task.cmake.build:Building CMake package in '/root/ros2_ws/src/landcore_ros2/sllidar_ros2'
[0.202s] INFO:colcon.colcon_core.shell:Skip shell extension 'powershell' for command environment: Not usable outside of PowerShell
[0.202s] DEBUG:colcon.colcon_core.shell:Skip shell extension 'dsv' for command environment
[0.211s] DEBUG:colcon.colcon_core.event_handler.log_command:Invoking command in '/root/ros2_ws/src/landcore_ros2/build/dc_encoder_service': CMAKE_PREFIX_PATH=${CMAKE_PREFIX_PATH}:/root/ros2_ws/install/landwheeldrive:/opt/ros/jazzy /usr/bin/cmake --build /root/ros2_ws/src/landcore_ros2/build/dc_encoder_service -- -j12 -l12
[0.353s] INFO:colcon.colcon_core.task.python.build:Building Python package in '/root/ros2_ws/src/landcore_ros2/land_camera'
[0.353s] INFO:colcon.colcon_core.shell:Skip shell extension 'powershell' for command environment: Not usable outside of PowerShell
[0.353s] DEBUG:colcon.colcon_core.shell:Skip shell extension 'dsv' for command environment
[0.359s] DEBUG:colcon.colcon_core.event_handler.log_command:Invoking command in '/root/ros2_ws/src/landcore_ros2/build/land_description': CMAKE_PREFIX_PATH=${CMAKE_PREFIX_PATH}:/root/ros2_ws/install/landwheeldrive:/opt/ros/jazzy /usr/bin/cmake /root/ros2_ws/src/landcore_ros2/land_description -DCMAKE_INSTALL_PREFIX=/root/ros2_ws/src/landcore_ros2/install/land_description
[0.361s] DEBUG:colcon.colcon_core.event_handler.log_command:Invoking command in '/root/ros2_ws/src/landcore_ros2/build/landdrive': CMAKE_PREFIX_PATH=${CMAKE_PREFIX_PATH}:/root/ros2_ws/install/landwheeldrive:/opt/ros/jazzy /usr/bin/cmake --build /root/ros2_ws/src/landcore_ros2/build/landdrive -- -j12 -l12
[0.365s] DEBUG:colcon.colcon_core.event_handler.log_command:Invoking command in '/root/ros2_ws/src/landcore_ros2/build/sllidar_ros2': CMAKE_PREFIX_PATH=${CMAKE_PREFIX_PATH}:/root/ros2_ws/install/landwheeldrive:/opt/ros/jazzy /usr/bin/cmake /root/ros2_ws/src/landcore_ros2/sllidar_ros2 -DCMAKE_INSTALL_PREFIX=/root/ros2_ws/src/landcore_ros2/install/sllidar_ros2
[0.990s] DEBUG:colcon.colcon_core.task.python.build:Available setuptools commands: init_catalog, test, install_scripts, egg_info, bdist_dumb, sdist, install, symlink_data, easy_install, build_ext, update_catalog, bdist_rpm, saveopts, clean, upload, bdist_egg, dist_info, register, bdist, build, build_py, build_clib, setopt, install_lib, compile_catalog, extract_messages, install_data, install_egg_info, rotate, alias, upload_docs, install_headers, bdist_wheel, develop, build_scripts, editable_wheel, check
[0.991s] DEBUG:colcon.colcon_core.event_handler.log_command:Invoking command in '/root/ros2_ws/src/landcore_ros2/land_camera': PYTHONPATH=/root/ros2_ws/src/landcore_ros2/build/land_camera/prefix_override:/usr/lib/python3/dist-packages/colcon_core/task/python/colcon_distutils_commands:/root/ros2_ws/src/landcore_ros2/install/land_camera/lib/python3.12/site-packages:${PYTHONPATH} /usr/bin/python3 -W ignore:setup.py install is deprecated -W ignore:easy_install command is deprecated setup.py egg_info --egg-base ../build/land_camera build --build-base /root/ros2_ws/src/landcore_ros2/build/land_camera/build install --record /root/ros2_ws/src/landcore_ros2/build/land_camera/install.log --install-scripts $base/lib/land_camera --single-version-externally-managed install_data
[1.536s] DEBUG:colcon.colcon_core.event_handler.log_command:Invoked command in '/root/ros2_ws/src/landcore_ros2/land_camera' returned '0': PYTHONPATH=/root/ros2_ws/src/landcore_ros2/build/land_camera/prefix_override:/usr/lib/python3/dist-packages/colcon_core/task/python/colcon_distutils_commands:/root/ros2_ws/src/landcore_ros2/install/land_camera/lib/python3.12/site-packages:${PYTHONPATH} /usr/bin/python3 -W ignore:setup.py install is deprecated -W ignore:easy_install command is deprecated setup.py egg_info --egg-base ../build/land_camera build --build-base /root/ros2_ws/src/landcore_ros2/build/land_camera/build install --record /root/ros2_ws/src/landcore_ros2/build/land_camera/install.log --install-scripts $base/lib/land_camera --single-version-externally-managed install_data
[1.538s] Level 1:colcon.colcon_core.environment:checking '/root/ros2_ws/src/landcore_ros2/install/land_camera' for CMake module files
[1.539s] Level 1:colcon.colcon_core.environment:checking '/root/ros2_ws/src/landcore_ros2/install/land_camera' for CMake config files
[1.539s] Level 1:colcon.colcon_core.environment:checking '/root/ros2_ws/src/landcore_ros2/install/land_camera/lib'
[1.540s] Level 1:colcon.colcon_core.environment:checking '/root/ros2_ws/src/landcore_ros2/install/land_camera/bin'
[1.540s] Level 1:colcon.colcon_core.environment:checking '/root/ros2_ws/src/landcore_ros2/install/land_camera/lib/pkgconfig/land_camera.pc'
[1.540s] Level 1:colcon.colcon_core.environment:checking '/root/ros2_ws/src/landcore_ros2/install/land_camera/lib/python3.12/site-packages'
[1.540s] Level 1:colcon.colcon_core.shell:create_environment_hook('land_camera', 'pythonpath')
[1.540s] INFO:colcon.colcon_core.shell:Creating environment hook '/root/ros2_ws/src/landcore_ros2/install/land_camera/share/land_camera/hook/pythonpath.ps1'
[1.541s] INFO:colcon.colcon_core.shell:Creating environment descriptor '/root/ros2_ws/src/landcore_ros2/install/land_camera/share/land_camera/hook/pythonpath.dsv'
[1.541s] INFO:colcon.colcon_core.shell:Creating environment hook '/root/ros2_ws/src/landcore_ros2/install/land_camera/share/land_camera/hook/pythonpath.sh'
[1.542s] Level 1:colcon.colcon_core.environment:checking '/root/ros2_ws/src/landcore_ros2/install/land_camera/bin'
[1.542s] Level 1:colcon.colcon_core.environment:create_environment_scripts_only(land_camera)
[1.542s] INFO:colcon.colcon_core.shell:Creating package script '/root/ros2_ws/src/landcore_ros2/install/land_camera/share/land_camera/package.ps1'
[1.544s] INFO:colcon.colcon_core.shell:Creating package descriptor '/root/ros2_ws/src/landcore_ros2/install/land_camera/share/land_camera/package.dsv'
[1.544s] INFO:colcon.colcon_core.shell:Creating package script '/root/ros2_ws/src/landcore_ros2/install/land_camera/share/land_camera/package.sh'
[1.545s] INFO:colcon.colcon_core.shell:Creating package script '/root/ros2_ws/src/landcore_ros2/install/land_camera/share/land_camera/package.bash'
[1.546s] INFO:colcon.colcon_core.shell:Creating package script '/root/ros2_ws/src/landcore_ros2/install/land_camera/share/land_camera/package.zsh'
[1.546s] Level 1:colcon.colcon_core.environment:create_file_with_runtime_dependencies(/root/ros2_ws/src/landcore_ros2/install/land_camera/share/colcon-core/packages/land_camera)
[1.843s] DEBUG:colcon.colcon_core.event_handler.log_command:Invoked command in '/root/ros2_ws/src/landcore_ros2/build/sllidar_ros2' returned '0': CMAKE_PREFIX_PATH=${CMAKE_PREFIX_PATH}:/root/ros2_ws/install/landwheeldrive:/opt/ros/jazzy /usr/bin/cmake /root/ros2_ws/src/landcore_ros2/sllidar_ros2 -DCMAKE_INSTALL_PREFIX=/root/ros2_ws/src/landcore_ros2/install/sllidar_ros2
[1.844s] DEBUG:colcon.colcon_core.event_handler.log_command:Invoking command in '/root/ros2_ws/src/landcore_ros2/build/sllidar_ros2': CMAKE_PREFIX_PATH=${CMAKE_PREFIX_PATH}:/root/ros2_ws/install/landwheeldrive:/opt/ros/jazzy /usr/bin/cmake --build /root/ros2_ws/src/landcore_ros2/build/sllidar_ros2 -- -j12 -l12
[3.049s] DEBUG:colcon.colcon_core.event_handler.log_command:Invoked command in '/root/ros2_ws/src/landcore_ros2/build/land_description' returned '0': CMAKE_PREFIX_PATH=${CMAKE_PREFIX_PATH}:/root/ros2_ws/install/landwheeldrive:/opt/ros/jazzy /usr/bin/cmake /root/ros2_ws/src/landcore_ros2/land_description -DCMAKE_INSTALL_PREFIX=/root/ros2_ws/src/landcore_ros2/install/land_description
[3.049s] DEBUG:colcon.colcon_core.event_handler.log_command:Invoking command in '/root/ros2_ws/src/landcore_ros2/build/land_description': CMAKE_PREFIX_PATH=${CMAKE_PREFIX_PATH}:/root/ros2_ws/install/landwheeldrive:/opt/ros/jazzy /usr/bin/cmake --build /root/ros2_ws/src/landcore_ros2/build/land_description -- -j12 -l12
[7.244s] DEBUG:colcon.colcon_core.event_handler.log_command:Invoked command in '/root/ros2_ws/src/landcore_ros2/build/landdrive' returned '0': CMAKE_PREFIX_PATH=${CMAKE_PREFIX_PATH}:/root/ros2_ws/install/landwheeldrive:/opt/ros/jazzy /usr/bin/cmake --build /root/ros2_ws/src/landcore_ros2/build/landdrive -- -j12 -l12
[7.253s] DEBUG:colcon.colcon_core.event_handler.log_command:Invoking command in '/root/ros2_ws/src/landcore_ros2/build/landdrive': CMAKE_PREFIX_PATH=${CMAKE_PREFIX_PATH}:/root/ros2_ws/install/landwheeldrive:/opt/ros/jazzy /usr/bin/cmake --install /root/ros2_ws/src/landcore_ros2/build/landdrive
[7.272s] Level 1:colcon.colcon_core.environment:create_environment_scripts_only(landdrive)
[7.272s] Level 1:colcon.colcon_core.environment:checking '/root/ros2_ws/src/landcore_ros2/install/landdrive' for CMake module files
[7.272s] DEBUG:colcon.colcon_core.event_handler.log_command:Invoked command in '/root/ros2_ws/src/landcore_ros2/build/landdrive' returned '0': CMAKE_PREFIX_PATH=${CMAKE_PREFIX_PATH}:/root/ros2_ws/install/landwheeldrive:/opt/ros/jazzy /usr/bin/cmake --install /root/ros2_ws/src/landcore_ros2/build/landdrive
[7.273s] Level 1:colcon.colcon_core.environment:checking '/root/ros2_ws/src/landcore_ros2/install/landdrive' for CMake config files
[7.273s] Level 1:colcon.colcon_core.shell:create_environment_hook('landdrive', 'cmake_prefix_path')
[7.274s] INFO:colcon.colcon_core.shell:Creating environment hook '/root/ros2_ws/src/landcore_ros2/install/landdrive/share/landdrive/hook/cmake_prefix_path.ps1'
[7.274s] INFO:colcon.colcon_core.shell:Creating environment descriptor '/root/ros2_ws/src/landcore_ros2/install/landdrive/share/landdrive/hook/cmake_prefix_path.dsv'
[7.275s] INFO:colcon.colcon_core.shell:Creating environment hook '/root/ros2_ws/src/landcore_ros2/install/landdrive/share/landdrive/hook/cmake_prefix_path.sh'
[7.275s] Level 1:colcon.colcon_core.environment:checking '/root/ros2_ws/src/landcore_ros2/install/landdrive/lib'
[7.275s] Level 1:colcon.colcon_core.environment:checking '/root/ros2_ws/src/landcore_ros2/install/landdrive/bin'
[7.276s] Level 1:colcon.colcon_core.environment:checking '/root/ros2_ws/src/landcore_ros2/install/landdrive/lib/pkgconfig/landdrive.pc'
[7.276s] Level 1:colcon.colcon_core.environment:checking '/root/ros2_ws/src/landcore_ros2/install/landdrive/lib/python3.12/site-packages'
[7.276s] Level 1:colcon.colcon_core.environment:checking '/root/ros2_ws/src/landcore_ros2/install/landdrive/bin'
[7.276s] INFO:colcon.colcon_core.shell:Creating package script '/root/ros2_ws/src/landcore_ros2/install/landdrive/share/landdrive/package.ps1'
[7.277s] INFO:colcon.colcon_core.shell:Creating package descriptor '/root/ros2_ws/src/landcore_ros2/install/landdrive/share/landdrive/package.dsv'
[7.278s] INFO:colcon.colcon_core.shell:Creating package script '/root/ros2_ws/src/landcore_ros2/install/landdrive/share/landdrive/package.sh'
[7.278s] INFO:colcon.colcon_core.shell:Creating package script '/root/ros2_ws/src/landcore_ros2/install/landdrive/share/landdrive/package.bash'
[7.279s] INFO:colcon.colcon_core.shell:Creating package script '/root/ros2_ws/src/landcore_ros2/install/landdrive/share/landdrive/package.zsh'
[7.279s] Level 1:colcon.colcon_core.environment:create_file_with_runtime_dependencies(/root/ros2_ws/src/landcore_ros2/install/landdrive/share/colcon-core/packages/landdrive)
[7.280s] Level 1:colcon.colcon_core.environment:create_environment_scripts_only(landdrive)
[7.280s] Level 1:colcon.colcon_core.environment:checking '/root/ros2_ws/src/landcore_ros2/install/landdrive' for CMake module files
[7.281s] Level 1:colcon.colcon_core.environment:checking '/root/ros2_ws/src/landcore_ros2/install/landdrive' for CMake config files
[7.281s] Level 1:colcon.colcon_core.shell:create_environment_hook('landdrive', 'cmake_prefix_path')
[7.281s] INFO:colcon.colcon_core.shell:Creating environment hook '/root/ros2_ws/src/landcore_ros2/install/landdrive/share/landdrive/hook/cmake_prefix_path.ps1'
[7.282s] INFO:colcon.colcon_core.shell:Creating environment descriptor '/root/ros2_ws/src/landcore_ros2/install/landdrive/share/landdrive/hook/cmake_prefix_path.dsv'
[7.282s] INFO:colcon.colcon_core.shell:Creating environment hook '/root/ros2_ws/src/landcore_ros2/install/landdrive/share/landdrive/hook/cmake_prefix_path.sh'
[7.283s] Level 1:colcon.colcon_core.environment:checking '/root/ros2_ws/src/landcore_ros2/install/landdrive/lib'
[7.283s] Level 1:colcon.colcon_core.environment:checking '/root/ros2_ws/src/landcore_ros2/install/landdrive/bin'
[7.283s] Level 1:colcon.colcon_core.environment:checking '/root/ros2_ws/src/landcore_ros2/install/landdrive/lib/pkgconfig/landdrive.pc'
[7.283s] Level 1:colcon.colcon_core.environment:checking '/root/ros2_ws/src/landcore_ros2/install/landdrive/lib/python3.12/site-packages'
[7.283s] Level 1:colcon.colcon_core.environment:checking '/root/ros2_ws/src/landcore_ros2/install/landdrive/bin'
[7.284s] INFO:colcon.colcon_core.shell:Creating package script '/root/ros2_ws/src/landcore_ros2/install/landdrive/share/landdrive/package.ps1'
[7.284s] INFO:colcon.colcon_core.shell:Creating package descriptor '/root/ros2_ws/src/landcore_ros2/install/landdrive/share/landdrive/package.dsv'
[7.285s] INFO:colcon.colcon_core.shell:Creating package script '/root/ros2_ws/src/landcore_ros2/install/landdrive/share/landdrive/package.sh'
[7.285s] INFO:colcon.colcon_core.shell:Creating package script '/root/ros2_ws/src/landcore_ros2/install/landdrive/share/landdrive/package.bash'
[7.286s] INFO:colcon.colcon_core.shell:Creating package script '/root/ros2_ws/src/landcore_ros2/install/landdrive/share/landdrive/package.zsh'
[7.286s] Level 1:colcon.colcon_core.environment:create_file_with_runtime_dependencies(/root/ros2_ws/src/landcore_ros2/install/landdrive/share/colcon-core/packages/landdrive)
[7.406s] DEBUG:colcon.colcon_core.event_handler.log_command:Invoked command in '/root/ros2_ws/src/landcore_ros2/build/dc_encoder_service' returned '0': CMAKE_PREFIX_PATH=${CMAKE_PREFIX_PATH}:/root/ros2_ws/install/landwheeldrive:/opt/ros/jazzy /usr/bin/cmake --build /root/ros2_ws/src/landcore_ros2/build/dc_encoder_service -- -j12 -l12
[7.407s] DEBUG:colcon.colcon_core.event_handler.log_command:Invoking command in '/root/ros2_ws/src/landcore_ros2/build/dc_encoder_service': CMAKE_PREFIX_PATH=${CMAKE_PREFIX_PATH}:/root/ros2_ws/install/landwheeldrive:/opt/ros/jazzy /usr/bin/cmake --install /root/ros2_ws/src/landcore_ros2/build/dc_encoder_service
[7.525s] Level 1:colcon.colcon_core.environment:create_environment_scripts_only(dc_encoder_service)
[7.525s] Level 1:colcon.colcon_core.environment:checking '/root/ros2_ws/src/landcore_ros2/install/dc_encoder_service' for CMake module files
[7.525s] DEBUG:colcon.colcon_core.event_handler.log_command:Invoked command in '/root/ros2_ws/src/landcore_ros2/build/dc_encoder_service' returned '0': CMAKE_PREFIX_PATH=${CMAKE_PREFIX_PATH}:/root/ros2_ws/install/landwheeldrive:/opt/ros/jazzy /usr/bin/cmake --install /root/ros2_ws/src/landcore_ros2/build/dc_encoder_service
[7.527s] Level 1:colcon.colcon_core.environment:checking '/root/ros2_ws/src/landcore_ros2/install/dc_encoder_service' for CMake config files
[7.527s] Level 1:colcon.colcon_core.shell:create_environment_hook('dc_encoder_service', 'cmake_prefix_path')
[7.528s] INFO:colcon.colcon_core.shell:Creating environment hook '/root/ros2_ws/src/landcore_ros2/install/dc_encoder_service/share/dc_encoder_service/hook/cmake_prefix_path.ps1'
[7.528s] INFO:colcon.colcon_core.shell:Creating environment descriptor '/root/ros2_ws/src/landcore_ros2/install/dc_encoder_service/share/dc_encoder_service/hook/cmake_prefix_path.dsv'
[7.529s] INFO:colcon.colcon_core.shell:Creating environment hook '/root/ros2_ws/src/landcore_ros2/install/dc_encoder_service/share/dc_encoder_service/hook/cmake_prefix_path.sh'
[7.530s] Level 1:colcon.colcon_core.environment:checking '/root/ros2_ws/src/landcore_ros2/install/dc_encoder_service/lib'
[7.530s] Level 1:colcon.colcon_core.shell:create_environment_hook('dc_encoder_service', 'ld_library_path_lib')
[7.530s] INFO:colcon.colcon_core.shell:Creating environment hook '/root/ros2_ws/src/landcore_ros2/install/dc_encoder_service/share/dc_encoder_service/hook/ld_library_path_lib.ps1'
[7.531s] INFO:colcon.colcon_core.shell:Creating environment descriptor '/root/ros2_ws/src/landcore_ros2/install/dc_encoder_service/share/dc_encoder_service/hook/ld_library_path_lib.dsv'
[7.531s] INFO:colcon.colcon_core.shell:Creating environment hook '/root/ros2_ws/src/landcore_ros2/install/dc_encoder_service/share/dc_encoder_service/hook/ld_library_path_lib.sh'
[7.532s] Level 1:colcon.colcon_core.environment:checking '/root/ros2_ws/src/landcore_ros2/install/dc_encoder_service/bin'
[7.532s] Level 1:colcon.colcon_core.environment:checking '/root/ros2_ws/src/landcore_ros2/install/dc_encoder_service/lib/pkgconfig/dc_encoder_service.pc'
[7.532s] Level 1:colcon.colcon_core.environment:checking '/root/ros2_ws/src/landcore_ros2/install/dc_encoder_service/lib/python3.12/site-packages'
[7.532s] Level 1:colcon.colcon_core.shell:create_environment_hook('dc_encoder_service', 'pythonpath')
[7.533s] INFO:colcon.colcon_core.shell:Creating environment hook '/root/ros2_ws/src/landcore_ros2/install/dc_encoder_service/share/dc_encoder_service/hook/pythonpath.ps1'
[7.533s] INFO:colcon.colcon_core.shell:Creating environment descriptor '/root/ros2_ws/src/landcore_ros2/install/dc_encoder_service/share/dc_encoder_service/hook/pythonpath.dsv'
[7.534s] INFO:colcon.colcon_core.shell:Creating environment hook '/root/ros2_ws/src/landcore_ros2/install/dc_encoder_service/share/dc_encoder_service/hook/pythonpath.sh'
[7.535s] Level 1:colcon.colcon_core.environment:checking '/root/ros2_ws/src/landcore_ros2/install/dc_encoder_service/bin'
[7.535s] INFO:colcon.colcon_core.shell:Creating package script '/root/ros2_ws/src/landcore_ros2/install/dc_encoder_service/share/dc_encoder_service/package.ps1'
[7.536s] INFO:colcon.colcon_core.shell:Creating package descriptor '/root/ros2_ws/src/landcore_ros2/install/dc_encoder_service/share/dc_encoder_service/package.dsv'
[7.536s] INFO:colcon.colcon_core.shell:Creating package script '/root/ros2_ws/src/landcore_ros2/install/dc_encoder_service/share/dc_encoder_service/package.sh'
[7.537s] INFO:colcon.colcon_core.shell:Creating package script '/root/ros2_ws/src/landcore_ros2/install/dc_encoder_service/share/dc_encoder_service/package.bash'
[7.537s] INFO:colcon.colcon_core.shell:Creating package script '/root/ros2_ws/src/landcore_ros2/install/dc_encoder_service/share/dc_encoder_service/package.zsh'
[7.538s] Level 1:colcon.colcon_core.environment:create_file_with_runtime_dependencies(/root/ros2_ws/src/landcore_ros2/install/dc_encoder_service/share/colcon-core/packages/dc_encoder_service)
[7.539s] Level 1:colcon.colcon_core.environment:create_environment_scripts_only(dc_encoder_service)
[7.539s] Level 1:colcon.colcon_core.environment:checking '/root/ros2_ws/src/landcore_ros2/install/dc_encoder_service' for CMake module files
[7.540s] Level 1:colcon.colcon_core.environment:checking '/root/ros2_ws/src/landcore_ros2/install/dc_encoder_service' for CMake config files
[7.540s] Level 1:colcon.colcon_core.shell:create_environment_hook('dc_encoder_service', 'cmake_prefix_path')
[7.541s] INFO:colcon.colcon_core.shell:Creating environment hook '/root/ros2_ws/src/landcore_ros2/install/dc_encoder_service/share/dc_encoder_service/hook/cmake_prefix_path.ps1'
[7.541s] INFO:colcon.colcon_core.shell:Creating environment descriptor '/root/ros2_ws/src/landcore_ros2/install/dc_encoder_service/share/dc_encoder_service/hook/cmake_prefix_path.dsv'
[7.541s] INFO:colcon.colcon_core.shell:Creating environment hook '/root/ros2_ws/src/landcore_ros2/install/dc_encoder_service/share/dc_encoder_service/hook/cmake_prefix_path.sh'
[7.542s] Level 1:colcon.colcon_core.environment:checking '/root/ros2_ws/src/landcore_ros2/install/dc_encoder_service/lib'
[7.542s] Level 1:colcon.colcon_core.shell:create_environment_hook('dc_encoder_service', 'ld_library_path_lib')
[7.542s] INFO:colcon.colcon_core.shell:Creating environment hook '/root/ros2_ws/src/landcore_ros2/install/dc_encoder_service/share/dc_encoder_service/hook/ld_library_path_lib.ps1'
[7.543s] INFO:colcon.colcon_core.shell:Creating environment descriptor '/root/ros2_ws/src/landcore_ros2/install/dc_encoder_service/share/dc_encoder_service/hook/ld_library_path_lib.dsv'
[7.543s] INFO:colcon.colcon_core.shell:Creating environment hook '/root/ros2_ws/src/landcore_ros2/install/dc_encoder_service/share/dc_encoder_service/hook/ld_library_path_lib.sh'
[7.543s] Level 1:colcon.colcon_core.environment:checking '/root/ros2_ws/src/landcore_ros2/install/dc_encoder_service/bin'
[7.544s] Level 1:colcon.colcon_core.environment:checking '/root/ros2_ws/src/landcore_ros2/install/dc_encoder_service/lib/pkgconfig/dc_encoder_service.pc'
[7.544s] Level 1:colcon.colcon_core.environment:checking '/root/ros2_ws/src/landcore_ros2/install/dc_encoder_service/lib/python3.12/site-packages'
[7.544s] Level 1:colcon.colcon_core.shell:create_environment_hook('dc_encoder_service', 'pythonpath')
[7.544s] INFO:colcon.colcon_core.shell:Creating environment hook '/root/ros2_ws/src/landcore_ros2/install/dc_encoder_service/share/dc_encoder_service/hook/pythonpath.ps1'
[7.544s] INFO:colcon.colcon_core.shell:Creating environment descriptor '/root/ros2_ws/src/landcore_ros2/install/dc_encoder_service/share/dc_encoder_service/hook/pythonpath.dsv'
[7.545s] INFO:colcon.colcon_core.shell:Creating environment hook '/root/ros2_ws/src/landcore_ros2/install/dc_encoder_service/share/dc_encoder_service/hook/pythonpath.sh'
[7.545s] Level 1:colcon.colcon_core.environment:checking '/root/ros2_ws/src/landcore_ros2/install/dc_encoder_service/bin'
[7.546s] INFO:colcon.colcon_core.shell:Creating package script '/root/ros2_ws/src/landcore_ros2/install/dc_encoder_service/share/dc_encoder_service/package.ps1'
[7.546s] INFO:colcon.colcon_core.shell:Creating package descriptor '/root/ros2_ws/src/landcore_ros2/install/dc_encoder_service/share/dc_encoder_service/package.dsv'
[7.547s] INFO:colcon.colcon_core.shell:Creating package script '/root/ros2_ws/src/landcore_ros2/install/dc_encoder_service/share/dc_encoder_service/package.sh'
[7.547s] INFO:colcon.colcon_core.shell:Creating package script '/root/ros2_ws/src/landcore_ros2/install/dc_encoder_service/share/dc_encoder_service/package.bash'
[7.548s] INFO:colcon.colcon_core.shell:Creating package script '/root/ros2_ws/src/landcore_ros2/install/dc_encoder_service/share/dc_encoder_service/package.zsh'
[7.548s] Level 1:colcon.colcon_core.environment:create_file_with_runtime_dependencies(/root/ros2_ws/src/landcore_ros2/install/dc_encoder_service/share/colcon-core/packages/dc_encoder_service)
[7.549s] INFO:colcon.colcon_ros.task.ament_python.build:Building ROS package in '/root/ros2_ws/src/landcore_ros2/landwheeldrive' with build type 'ament_python'
[7.549s] Level 1:colcon.colcon_core.shell:create_environment_hook('landwheeldrive', 'ament_prefix_path')
[7.549s] INFO:colcon.colcon_core.shell:Creating environment hook '/root/ros2_ws/src/landcore_ros2/install/landwheeldrive/share/landwheeldrive/hook/ament_prefix_path.ps1'
[7.550s] INFO:colcon.colcon_core.shell:Creating environment descriptor '/root/ros2_ws/src/landcore_ros2/install/landwheeldrive/share/landwheeldrive/hook/ament_prefix_path.dsv'
[7.550s] INFO:colcon.colcon_core.shell:Creating environment hook '/root/ros2_ws/src/landcore_ros2/install/landwheeldrive/share/landwheeldrive/hook/ament_prefix_path.sh'
[7.551s] INFO:colcon.colcon_core.shell:Skip shell extension 'powershell' for command environment: Not usable outside of PowerShell
[7.551s] DEBUG:colcon.colcon_core.shell:Skip shell extension 'dsv' for command environment
[7.807s] INFO:colcon.colcon_core.task.python.build:Building Python package in '/root/ros2_ws/src/landcore_ros2/landwheeldrive'
[7.807s] INFO:colcon.colcon_core.shell:Skip shell extension 'powershell' for command environment: Not usable outside of PowerShell
[7.807s] DEBUG:colcon.colcon_core.shell:Skip shell extension 'dsv' for command environment
[8.216s] DEBUG:colcon.colcon_core.task.python.build:Available setuptools commands: init_catalog, test, install_scripts, egg_info, bdist_dumb, sdist, install, symlink_data, easy_install, build_ext, update_catalog, bdist_rpm, saveopts, clean, upload, bdist_egg, dist_info, register, bdist, build, build_py, build_clib, setopt, install_lib, compile_catalog, extract_messages, install_data, install_egg_info, rotate, alias, upload_docs, install_headers, bdist_wheel, develop, build_scripts, editable_wheel, check
[8.218s] DEBUG:colcon.colcon_core.event_handler.log_command:Invoking command in '/root/ros2_ws/src/landcore_ros2/landwheeldrive': AMENT_PREFIX_PATH=/root/ros2_ws/src/landcore_ros2/install/dc_encoder_service:${AMENT_PREFIX_PATH} CMAKE_PREFIX_PATH=/root/ros2_ws/src/landcore_ros2/install/dc_encoder_service:${CMAKE_PREFIX_PATH} LD_LIBRARY_PATH=/root/ros2_ws/src/landcore_ros2/install/dc_encoder_service/lib:${LD_LIBRARY_PATH} PYTHONPATH=/root/ros2_ws/src/landcore_ros2/build/landwheeldrive/prefix_override:/usr/lib/python3/dist-packages/colcon_core/task/python/colcon_distutils_commands:/root/ros2_ws/src/landcore_ros2/install/landwheeldrive/lib/python3.12/site-packages:/root/ros2_ws/src/landcore_ros2/install/dc_encoder_service/lib/python3.12/site-packages:${PYTHONPATH} /usr/bin/python3 -W ignore:setup.py install is deprecated -W ignore:easy_install command is deprecated setup.py egg_info --egg-base ../build/landwheeldrive build --build-base /root/ros2_ws/src/landcore_ros2/build/landwheeldrive/build install --record /root/ros2_ws/src/landcore_ros2/build/landwheeldrive/install.log --install-scripts $base/lib/landwheeldrive --single-version-externally-managed install_data
[8.518s] DEBUG:colcon.colcon_core.event_handler.log_command:Invoked command in '/root/ros2_ws/src/landcore_ros2/build/land_description' returned '0': CMAKE_PREFIX_PATH=${CMAKE_PREFIX_PATH}:/root/ros2_ws/install/landwheeldrive:/opt/ros/jazzy /usr/bin/cmake --build /root/ros2_ws/src/landcore_ros2/build/land_description -- -j12 -l12
[8.519s] DEBUG:colcon.colcon_core.event_handler.log_command:Invoking command in '/root/ros2_ws/src/landcore_ros2/build/land_description': CMAKE_PREFIX_PATH=${CMAKE_PREFIX_PATH}:/root/ros2_ws/install/landwheeldrive:/opt/ros/jazzy /usr/bin/cmake --install /root/ros2_ws/src/landcore_ros2/build/land_description
[8.538s] Level 1:colcon.colcon_core.environment:create_environment_scripts_only(land_description)
[8.538s] Level 1:colcon.colcon_core.environment:checking '/root/ros2_ws/src/landcore_ros2/install/land_description' for CMake module files
[8.539s] DEBUG:colcon.colcon_core.event_handler.log_command:Invoked command in '/root/ros2_ws/src/landcore_ros2/build/land_description' returned '0': CMAKE_PREFIX_PATH=${CMAKE_PREFIX_PATH}:/root/ros2_ws/install/landwheeldrive:/opt/ros/jazzy /usr/bin/cmake --install /root/ros2_ws/src/landcore_ros2/build/land_description
[8.539s] Level 1:colcon.colcon_core.environment:checking '/root/ros2_ws/src/landcore_ros2/install/land_description' for CMake config files
[8.539s] Level 1:colcon.colcon_core.shell:create_environment_hook('land_description', 'cmake_prefix_path')
[8.539s] INFO:colcon.colcon_core.shell:Creating environment hook '/root/ros2_ws/src/landcore_ros2/install/land_description/share/land_description/hook/cmake_prefix_path.ps1'
[8.540s] INFO:colcon.colcon_core.shell:Creating environment descriptor '/root/ros2_ws/src/landcore_ros2/install/land_description/share/land_description/hook/cmake_prefix_path.dsv'
[8.540s] INFO:colcon.colcon_core.shell:Creating environment hook '/root/ros2_ws/src/landcore_ros2/install/land_description/share/land_description/hook/cmake_prefix_path.sh'
[8.540s] Level 1:colcon.colcon_core.environment:checking '/root/ros2_ws/src/landcore_ros2/install/land_description/lib'
[8.540s] Level 1:colcon.colcon_core.shell:create_environment_hook('land_description', 'ld_library_path_lib')
[8.540s] INFO:colcon.colcon_core.shell:Creating environment hook '/root/ros2_ws/src/landcore_ros2/install/land_description/share/land_description/hook/ld_library_path_lib.ps1'
[8.541s] INFO:colcon.colcon_core.shell:Creating environment descriptor '/root/ros2_ws/src/landcore_ros2/install/land_description/share/land_description/hook/ld_library_path_lib.dsv'
[8.541s] INFO:colcon.colcon_core.shell:Creating environment hook '/root/ros2_ws/src/landcore_ros2/install/land_description/share/land_description/hook/ld_library_path_lib.sh'
[8.541s] Level 1:colcon.colcon_core.environment:checking '/root/ros2_ws/src/landcore_ros2/install/land_description/bin'
[8.541s] Level 1:colcon.colcon_core.environment:checking '/root/ros2_ws/src/landcore_ros2/install/land_description/lib/pkgconfig/land_description.pc'
[8.541s] Level 1:colcon.colcon_core.environment:checking '/root/ros2_ws/src/landcore_ros2/install/land_description/lib/python3.12/site-packages'
[8.542s] Level 1:colcon.colcon_core.environment:checking '/root/ros2_ws/src/landcore_ros2/install/land_description/bin'
[8.542s] INFO:colcon.colcon_core.shell:Creating package script '/root/ros2_ws/src/landcore_ros2/install/land_description/share/land_description/package.ps1'
[8.542s] INFO:colcon.colcon_core.shell:Creating package descriptor '/root/ros2_ws/src/landcore_ros2/install/land_description/share/land_description/package.dsv'
[8.542s] INFO:colcon.colcon_core.shell:Creating package script '/root/ros2_ws/src/landcore_ros2/install/land_description/share/land_description/package.sh'
[8.543s] INFO:colcon.colcon_core.shell:Creating package script '/root/ros2_ws/src/landcore_ros2/install/land_description/share/land_description/package.bash'
[8.543s] INFO:colcon.colcon_core.shell:Creating package script '/root/ros2_ws/src/landcore_ros2/install/land_description/share/land_description/package.zsh'
[8.543s] Level 1:colcon.colcon_core.environment:create_file_with_runtime_dependencies(/root/ros2_ws/src/landcore_ros2/install/land_description/share/colcon-core/packages/land_description)
[8.543s] Level 1:colcon.colcon_core.environment:create_environment_scripts_only(land_description)
[8.543s] Level 1:colcon.colcon_core.environment:checking '/root/ros2_ws/src/landcore_ros2/install/land_description' for CMake module files
[8.544s] Level 1:colcon.colcon_core.environment:checking '/root/ros2_ws/src/landcore_ros2/install/land_description' for CMake config files
[8.544s] Level 1:colcon.colcon_core.shell:create_environment_hook('land_description', 'cmake_prefix_path')
[8.544s] INFO:colcon.colcon_core.shell:Creating environment hook '/root/ros2_ws/src/landcore_ros2/install/land_description/share/land_description/hook/cmake_prefix_path.ps1'
[8.544s] INFO:colcon.colcon_core.shell:Creating environment descriptor '/root/ros2_ws/src/landcore_ros2/install/land_description/share/land_description/hook/cmake_prefix_path.dsv'
[8.545s] INFO:colcon.colcon_core.shell:Creating environment hook '/root/ros2_ws/src/landcore_ros2/install/land_description/share/land_description/hook/cmake_prefix_path.sh'
[8.545s] Level 1:colcon.colcon_core.environment:checking '/root/ros2_ws/src/landcore_ros2/install/land_description/lib'
[8.545s] Level 1:colcon.colcon_core.shell:create_environment_hook('land_description', 'ld_library_path_lib')
[8.545s] INFO:colcon.colcon_core.shell:Creating environment hook '/root/ros2_ws/src/landcore_ros2/install/land_description/share/land_description/hook/ld_library_path_lib.ps1'
[8.545s] INFO:colcon.colcon_core.shell:Creating environment descriptor '/root/ros2_ws/src/landcore_ros2/install/land_description/share/land_description/hook/ld_library_path_lib.dsv'
[8.546s] INFO:colcon.colcon_core.shell:Creating environment hook '/root/ros2_ws/src/landcore_ros2/install/land_description/share/land_description/hook/ld_library_path_lib.sh'
[8.546s] Level 1:colcon.colcon_core.environment:checking '/root/ros2_ws/src/landcore_ros2/install/land_description/bin'
[8.546s] Level 1:colcon.colcon_core.environment:checking '/root/ros2_ws/src/landcore_ros2/install/land_description/lib/pkgconfig/land_description.pc'
[8.546s] Level 1:colcon.colcon_core.environment:checking '/root/ros2_ws/src/landcore_ros2/install/land_description/lib/python3.12/site-packages'
[8.546s] Level 1:colcon.colcon_core.environment:checking '/root/ros2_ws/src/landcore_ros2/install/land_description/bin'
[8.546s] INFO:colcon.colcon_core.shell:Creating package script '/root/ros2_ws/src/landcore_ros2/install/land_description/share/land_description/package.ps1'
[8.547s] INFO:colcon.colcon_core.shell:Creating package descriptor '/root/ros2_ws/src/landcore_ros2/install/land_description/share/land_description/package.dsv'
[8.547s] INFO:colcon.colcon_core.shell:Creating package script '/root/ros2_ws/src/landcore_ros2/install/land_description/share/land_description/package.sh'
[8.547s] INFO:colcon.colcon_core.shell:Creating package script '/root/ros2_ws/src/landcore_ros2/install/land_description/share/land_description/package.bash'
[8.547s] INFO:colcon.colcon_core.shell:Creating package script '/root/ros2_ws/src/landcore_ros2/install/land_description/share/land_description/package.zsh'
[8.548s] Level 1:colcon.colcon_core.environment:create_file_with_runtime_dependencies(/root/ros2_ws/src/landcore_ros2/install/land_description/share/colcon-core/packages/land_description)
[8.550s] Level 1:colcon.colcon_core.environment:checking '/root/ros2_ws/src/landcore_ros2/install/landwheeldrive' for CMake module files
[8.551s] DEBUG:colcon.colcon_core.event_handler.log_command:Invoked command in '/root/ros2_ws/src/landcore_ros2/landwheeldrive' returned '0': AMENT_PREFIX_PATH=/root/ros2_ws/src/landcore_ros2/install/dc_encoder_service:${AMENT_PREFIX_PATH} CMAKE_PREFIX_PATH=/root/ros2_ws/src/landcore_ros2/install/dc_encoder_service:${CMAKE_PREFIX_PATH} LD_LIBRARY_PATH=/root/ros2_ws/src/landcore_ros2/install/dc_encoder_service/lib:${LD_LIBRARY_PATH} PYTHONPATH=/root/ros2_ws/src/landcore_ros2/build/landwheeldrive/prefix_override:/usr/lib/python3/dist-packages/colcon_core/task/python/colcon_distutils_commands:/root/ros2_ws/src/landcore_ros2/install/landwheeldrive/lib/python3.12/site-packages:/root/ros2_ws/src/landcore_ros2/install/dc_encoder_service/lib/python3.12/site-packages:${PYTHONPATH} /usr/bin/python3 -W ignore:setup.py install is deprecated -W ignore:easy_install command is deprecated setup.py egg_info --egg-base ../build/landwheeldrive build --build-base /root/ros2_ws/src/landcore_ros2/build/landwheeldrive/build install --record /root/ros2_ws/src/landcore_ros2/build/landwheeldrive/install.log --install-scripts $base/lib/landwheeldrive --single-version-externally-managed install_data
[8.551s] Level 1:colcon.colcon_core.environment:checking '/root/ros2_ws/src/landcore_ros2/install/landwheeldrive' for CMake config files
[8.552s] Level 1:colcon.colcon_core.environment:checking '/root/ros2_ws/src/landcore_ros2/install/landwheeldrive/lib'
[8.552s] Level 1:colcon.colcon_core.environment:checking '/root/ros2_ws/src/landcore_ros2/install/landwheeldrive/bin'
[8.552s] Level 1:colcon.colcon_core.environment:checking '/root/ros2_ws/src/landcore_ros2/install/landwheeldrive/lib/pkgconfig/landwheeldrive.pc'
[8.552s] Level 1:colcon.colcon_core.environment:checking '/root/ros2_ws/src/landcore_ros2/install/landwheeldrive/lib/python3.12/site-packages'
[8.553s] Level 1:colcon.colcon_core.shell:create_environment_hook('landwheeldrive', 'pythonpath')
[8.553s] INFO:colcon.colcon_core.shell:Creating environment hook '/root/ros2_ws/src/landcore_ros2/install/landwheeldrive/share/landwheeldrive/hook/pythonpath.ps1'
[8.553s] INFO:colcon.colcon_core.shell:Creating environment descriptor '/root/ros2_ws/src/landcore_ros2/install/landwheeldrive/share/landwheeldrive/hook/pythonpath.dsv'
[8.553s] INFO:colcon.colcon_core.shell:Creating environment hook '/root/ros2_ws/src/landcore_ros2/install/landwheeldrive/share/landwheeldrive/hook/pythonpath.sh'
[8.554s] Level 1:colcon.colcon_core.environment:checking '/root/ros2_ws/src/landcore_ros2/install/landwheeldrive/bin'
[8.554s] Level 1:colcon.colcon_core.environment:create_environment_scripts_only(landwheeldrive)
[8.554s] INFO:colcon.colcon_core.shell:Creating package script '/root/ros2_ws/src/landcore_ros2/install/landwheeldrive/share/landwheeldrive/package.ps1'
[8.555s] INFO:colcon.colcon_core.shell:Creating package descriptor '/root/ros2_ws/src/landcore_ros2/install/landwheeldrive/share/landwheeldrive/package.dsv'
[8.555s] INFO:colcon.colcon_core.shell:Creating package script '/root/ros2_ws/src/landcore_ros2/install/landwheeldrive/share/landwheeldrive/package.sh'
[8.555s] INFO:colcon.colcon_core.shell:Creating package script '/root/ros2_ws/src/landcore_ros2/install/landwheeldrive/share/landwheeldrive/package.bash'
[8.556s] INFO:colcon.colcon_core.shell:Creating package script '/root/ros2_ws/src/landcore_ros2/install/landwheeldrive/share/landwheeldrive/package.zsh'
[8.556s] Level 1:colcon.colcon_core.environment:create_file_with_runtime_dependencies(/root/ros2_ws/src/landcore_ros2/install/landwheeldrive/share/colcon-core/packages/landwheeldrive)
[9.908s] DEBUG:colcon.colcon_core.event_handler.log_command:Invoked command in '/root/ros2_ws/src/landcore_ros2/build/sllidar_ros2' returned '0': CMAKE_PREFIX_PATH=${CMAKE_PREFIX_PATH}:/root/ros2_ws/install/landwheeldrive:/opt/ros/jazzy /usr/bin/cmake --build /root/ros2_ws/src/landcore_ros2/build/sllidar_ros2 -- -j12 -l12
[9.909s] DEBUG:colcon.colcon_core.event_handler.log_command:Invoking command in '/root/ros2_ws/src/landcore_ros2/build/sllidar_ros2': CMAKE_PREFIX_PATH=${CMAKE_PREFIX_PATH}:/root/ros2_ws/install/landwheeldrive:/opt/ros/jazzy /usr/bin/cmake --install /root/ros2_ws/src/landcore_ros2/build/sllidar_ros2
[9.922s] Level 1:colcon.colcon_core.environment:create_environment_scripts_only(sllidar_ros2)
[9.922s] Level 1:colcon.colcon_core.environment:checking '/root/ros2_ws/src/landcore_ros2/install/sllidar_ros2' for CMake module files
[9.922s] DEBUG:colcon.colcon_core.event_handler.log_command:Invoked command in '/root/ros2_ws/src/landcore_ros2/build/sllidar_ros2' returned '0': CMAKE_PREFIX_PATH=${CMAKE_PREFIX_PATH}:/root/ros2_ws/install/landwheeldrive:/opt/ros/jazzy /usr/bin/cmake --install /root/ros2_ws/src/landcore_ros2/build/sllidar_ros2
[9.923s] Level 1:colcon.colcon_core.environment:checking '/root/ros2_ws/src/landcore_ros2/install/sllidar_ros2' for CMake config files
[9.923s] Level 1:colcon.colcon_core.shell:create_environment_hook('sllidar_ros2', 'cmake_prefix_path')
[9.923s] INFO:colcon.colcon_core.shell:Creating environment hook '/root/ros2_ws/src/landcore_ros2/install/sllidar_ros2/share/sllidar_ros2/hook/cmake_prefix_path.ps1'
[9.924s] INFO:colcon.colcon_core.shell:Creating environment descriptor '/root/ros2_ws/src/landcore_ros2/install/sllidar_ros2/share/sllidar_ros2/hook/cmake_prefix_path.dsv'
[9.924s] INFO:colcon.colcon_core.shell:Creating environment hook '/root/ros2_ws/src/landcore_ros2/install/sllidar_ros2/share/sllidar_ros2/hook/cmake_prefix_path.sh'
[9.925s] Level 1:colcon.colcon_core.environment:checking '/root/ros2_ws/src/landcore_ros2/install/sllidar_ros2/lib'
[9.925s] Level 1:colcon.colcon_core.environment:checking '/root/ros2_ws/src/landcore_ros2/install/sllidar_ros2/bin'
[9.925s] Level 1:colcon.colcon_core.environment:checking '/root/ros2_ws/src/landcore_ros2/install/sllidar_ros2/lib/pkgconfig/sllidar_ros2.pc'
[9.925s] Level 1:colcon.colcon_core.environment:checking '/root/ros2_ws/src/landcore_ros2/install/sllidar_ros2/lib/python3.12/site-packages'
[9.926s] Level 1:colcon.colcon_core.environment:checking '/root/ros2_ws/src/landcore_ros2/install/sllidar_ros2/bin'
[9.926s] INFO:colcon.colcon_core.shell:Creating package script '/root/ros2_ws/src/landcore_ros2/install/sllidar_ros2/share/sllidar_ros2/package.ps1'
[9.926s] INFO:colcon.colcon_core.shell:Creating package descriptor '/root/ros2_ws/src/landcore_ros2/install/sllidar_ros2/share/sllidar_ros2/package.dsv'
[9.927s] INFO:colcon.colcon_core.shell:Creating package script '/root/ros2_ws/src/landcore_ros2/install/sllidar_ros2/share/sllidar_ros2/package.sh'
[9.927s] INFO:colcon.colcon_core.shell:Creating package script '/root/ros2_ws/src/landcore_ros2/install/sllidar_ros2/share/sllidar_ros2/package.bash'
[9.928s] INFO:colcon.colcon_core.shell:Creating package script '/root/ros2_ws/src/landcore_ros2/install/sllidar_ros2/share/sllidar_ros2/package.zsh'
[9.928s] Level 1:colcon.colcon_core.environment:create_file_with_runtime_dependencies(/root/ros2_ws/src/landcore_ros2/install/sllidar_ros2/share/colcon-core/packages/sllidar_ros2)
[9.928s] Level 1:colcon.colcon_core.environment:create_environment_scripts_only(sllidar_ros2)
[9.928s] Level 1:colcon.colcon_core.environment:checking '/root/ros2_ws/src/landcore_ros2/install/sllidar_ros2' for CMake module files
[9.929s] Level 1:colcon.colcon_core.environment:checking '/root/ros2_ws/src/landcore_ros2/install/sllidar_ros2' for CMake config files
[9.929s] Level 1:colcon.colcon_core.shell:create_environment_hook('sllidar_ros2', 'cmake_prefix_path')
[9.929s] INFO:colcon.colcon_core.shell:Creating environment hook '/root/ros2_ws/src/landcore_ros2/install/sllidar_ros2/share/sllidar_ros2/hook/cmake_prefix_path.ps1'
[9.930s] INFO:colcon.colcon_core.shell:Creating environment descriptor '/root/ros2_ws/src/landcore_ros2/install/sllidar_ros2/share/sllidar_ros2/hook/cmake_prefix_path.dsv'
[9.930s] INFO:colcon.colcon_core.shell:Creating environment hook '/root/ros2_ws/src/landcore_ros2/install/sllidar_ros2/share/sllidar_ros2/hook/cmake_prefix_path.sh'
[9.931s] Level 1:colcon.colcon_core.environment:checking '/root/ros2_ws/src/landcore_ros2/install/sllidar_ros2/lib'
[9.931s] Level 1:colcon.colcon_core.environment:checking '/root/ros2_ws/src/landcore_ros2/install/sllidar_ros2/bin'
[9.931s] Level 1:colcon.colcon_core.environment:checking '/root/ros2_ws/src/landcore_ros2/install/sllidar_ros2/lib/pkgconfig/sllidar_ros2.pc'
[9.931s] Level 1:colcon.colcon_core.environment:checking '/root/ros2_ws/src/landcore_ros2/install/sllidar_ros2/lib/python3.12/site-packages'
[9.932s] Level 1:colcon.colcon_core.environment:checking '/root/ros2_ws/src/landcore_ros2/install/sllidar_ros2/bin'
[9.932s] INFO:colcon.colcon_core.shell:Creating package script '/root/ros2_ws/src/landcore_ros2/install/sllidar_ros2/share/sllidar_ros2/package.ps1'
[9.933s] INFO:colcon.colcon_core.shell:Creating package descriptor '/root/ros2_ws/src/landcore_ros2/install/sllidar_ros2/share/sllidar_ros2/package.dsv'
[9.933s] INFO:colcon.colcon_core.shell:Creating package script '/root/ros2_ws/src/landcore_ros2/install/sllidar_ros2/share/sllidar_ros2/package.sh'
[9.934s] INFO:colcon.colcon_core.shell:Creating package script '/root/ros2_ws/src/landcore_ros2/install/sllidar_ros2/share/sllidar_ros2/package.bash'
[9.934s] INFO:colcon.colcon_core.shell:Creating package script '/root/ros2_ws/src/landcore_ros2/install/sllidar_ros2/share/sllidar_ros2/package.zsh'
[9.934s] Level 1:colcon.colcon_core.environment:create_file_with_runtime_dependencies(/root/ros2_ws/src/landcore_ros2/install/sllidar_ros2/share/colcon-core/packages/sllidar_ros2)
[9.935s] DEBUG:colcon.colcon_parallel_executor.executor.parallel:closing loop
[9.935s] DEBUG:colcon.colcon_parallel_executor.executor.parallel:loop closed
[9.935s] DEBUG:colcon.colcon_parallel_executor.executor.parallel:run_until_complete finished with '0'
[9.935s] DEBUG:colcon.colcon_core.event_reactor:joining thread
[9.942s] INFO:colcon.colcon_core.plugin_system:Skipping extension 'colcon_notification.desktop_notification.notify_send': Could not find 'notify-send'
[9.942s] INFO:colcon.colcon_core.plugin_system:Skipping extension 'colcon_notification.desktop_notification.terminal_notifier': Not used on non-Darwin systems
[9.942s] INFO:colcon.colcon_core.plugin_system:Skipping extension 'colcon_notification.desktop_notification.win32': Not used on non-Windows systems
[9.942s] INFO:colcon.colcon_notification.desktop_notification:Sending desktop notification using 'notify2'
[9.945s] DEBUG:colcon.colcon_notification.desktop_notification.notify2:Failed to initialize notify2: org.freedesktop.DBus.Error.Spawn.ExecFailed: /usr/bin/dbus-launch terminated abnormally without any error message
[9.945s] DEBUG:colcon.colcon_core.event_reactor:joined thread
[9.946s] INFO:colcon.colcon_core.shell:Creating prefix script '/root/ros2_ws/src/landcore_ros2/install/local_setup.ps1'
[9.947s] INFO:colcon.colcon_core.shell:Creating prefix util module '/root/ros2_ws/src/landcore_ros2/install/_local_setup_util_ps1.py'
[9.949s] INFO:colcon.colcon_core.shell:Creating prefix chain script '/root/ros2_ws/src/landcore_ros2/install/setup.ps1'
[9.952s] INFO:colcon.colcon_core.shell:Creating prefix script '/root/ros2_ws/src/landcore_ros2/install/local_setup.sh'
[9.953s] INFO:colcon.colcon_core.shell:Creating prefix util module '/root/ros2_ws/src/landcore_ros2/install/_local_setup_util_sh.py'
[9.954s] INFO:colcon.colcon_core.shell:Creating prefix chain script '/root/ros2_ws/src/landcore_ros2/install/setup.sh'
[9.955s] INFO:colcon.colcon_core.shell:Creating prefix script '/root/ros2_ws/src/landcore_ros2/install/local_setup.bash'
[9.955s] INFO:colcon.colcon_core.shell:Creating prefix chain script '/root/ros2_ws/src/landcore_ros2/install/setup.bash'
[9.956s] INFO:colcon.colcon_core.shell:Creating prefix script '/root/ros2_ws/src/landcore_ros2/install/local_setup.zsh'
[9.957s] INFO:colcon.colcon_core.shell:Creating prefix chain script '/root/ros2_ws/src/landcore_ros2/install/setup.zsh'
