[100%] Built target mecanum_system_hardware
-- Install configuration: ""
-- Up-to-date: /root/ros2_ws/src/landcore_ros2/install/land_description/share/land_description/mecanum_hardware_plugin.xml
-- Up-to-date: /root/ros2_ws/src/landcore_ros2/install/land_description/lib/libmecanum_system_hardware.so
-- Up-to-date: /root/ros2_ws/src/landcore_ros2/install/land_description/share/land_description/src
-- Up-to-date: /root/ros2_ws/src/landcore_ros2/install/land_description/share/land_description/src/timer.cpp
-- Up-to-date: /root/ros2_ws/src/landcore_ros2/install/land_description/share/land_description/src/motorhat_driver.cpp
-- Up-to-date: /root/ros2_ws/src/landcore_ros2/install/land_description/share/land_description/src/mecanum_system_hardware.cpp
-- Up-to-date: /root/ros2_ws/src/landcore_ros2/install/land_description/share/land_description/launch
-- Up-to-date: /root/ros2_ws/src/landcore_ros2/install/land_description/share/land_description/launch/display.launch.py
-- Up-to-date: /root/ros2_ws/src/landcore_ros2/install/land_description/share/land_description/launch/land_bringup.launch.py
-- Up-to-date: /root/ros2_ws/src/landcore_ros2/install/land_description/share/land_description/rviz
-- Up-to-date: /root/ros2_ws/src/landcore_ros2/install/land_description/share/land_description/rviz/config.rviz
-- Up-to-date: /root/ros2_ws/src/landcore_ros2/install/land_description/share/land_description/config
-- Up-to-date: /root/ros2_ws/src/landcore_ros2/install/land_description/share/land_description/config/bridge_config.yaml
-- Up-to-date: /root/ros2_ws/src/landcore_ros2/install/land_description/share/land_description/config/controllers.yaml
-- Up-to-date: /root/ros2_ws/src/landcore_ros2/install/land_description/share/land_description/world
-- Up-to-date: /root/ros2_ws/src/landcore_ros2/install/land_description/share/land_description/world/my_world.sdf
-- Up-to-date: /root/ros2_ws/src/landcore_ros2/install/land_description/share/land_description/urdf
-- Up-to-date: /root/ros2_ws/src/landcore_ros2/install/land_description/share/land_description/urdf/land_description.urdf.xacro
-- Up-to-date: /root/ros2_ws/src/landcore_ros2/install/land_description/share/land_description/urdf/land_description.sdf
-- Up-to-date: /root/ros2_ws/src/landcore_ros2/install/land_description/share/land_description/urdf/land_description.urdf
-- Up-to-date: /root/ros2_ws/src/landcore_ros2/install/land_description/share/land_description/include
-- Up-to-date: /root/ros2_ws/src/landcore_ros2/install/land_description/share/land_description/include/timer.hpp
-- Up-to-date: /root/ros2_ws/src/landcore_ros2/install/land_description/share/land_description/include/mecanum_system_hardware.hpp
-- Up-to-date: /root/ros2_ws/src/landcore_ros2/install/land_description/share/land_description/include/motorhat_driver.hpp
-- Up-to-date: /root/ros2_ws/src/landcore_ros2/install/land_description/share/ament_index/resource_index/package_run_dependencies/land_description
-- Up-to-date: /root/ros2_ws/src/landcore_ros2/install/land_description/share/ament_index/resource_index/parent_prefix_path/land_description
-- Up-to-date: /root/ros2_ws/src/landcore_ros2/install/land_description/share/land_description/environment/ament_prefix_path.sh
-- Up-to-date: /root/ros2_ws/src/landcore_ros2/install/land_description/share/land_description/environment/ament_prefix_path.dsv
-- Up-to-date: /root/ros2_ws/src/landcore_ros2/install/land_description/share/land_description/environment/path.sh
-- Up-to-date: /root/ros2_ws/src/landcore_ros2/install/land_description/share/land_description/environment/path.dsv
-- Up-to-date: /root/ros2_ws/src/landcore_ros2/install/land_description/share/land_description/local_setup.bash
-- Up-to-date: /root/ros2_ws/src/landcore_ros2/install/land_description/share/land_description/local_setup.sh
-- Up-to-date: /root/ros2_ws/src/landcore_ros2/install/land_description/share/land_description/local_setup.zsh
-- Up-to-date: /root/ros2_ws/src/landcore_ros2/install/land_description/share/land_description/local_setup.dsv
-- Installing: /root/ros2_ws/src/landcore_ros2/install/land_description/share/land_description/package.dsv
-- Up-to-date: /root/ros2_ws/src/landcore_ros2/install/land_description/share/ament_index/resource_index/packages/land_description
-- Up-to-date: /root/ros2_ws/src/landcore_ros2/install/land_description/share/ament_index/resource_index/hardware_interface__pluginlib__plugin/land_description
-- Up-to-date: /root/ros2_ws/src/landcore_ros2/install/land_description/share/land_description/cmake/land_descriptionConfig.cmake
-- Up-to-date: /root/ros2_ws/src/landcore_ros2/install/land_description/share/land_description/cmake/land_descriptionConfig-version.cmake
-- Up-to-date: /root/ros2_ws/src/landcore_ros2/install/land_description/share/land_description/package.xml
