[0.071s] DEBUG:colcon:Command line arguments: ['/usr/bin/colcon', 'build']
[0.071s] DEBUG:colcon:Parsed command line arguments: Namespace(log_base=None, log_level=None, verb_name='build', build_base='build', install_base='install', merge_install=False, symlink_install=False, test_result_base=None, continue_on_error=False, executor='parallel', parallel_workers=12, event_handlers=None, ignore_user_meta=False, metas=['./colcon.meta'], base_paths=['.'], packages_ignore=None, packages_ignore_regex=None, paths=None, packages_up_to=None, packages_up_to_regex=None, packages_above=None, packages_above_and_dependencies=None, packages_above_depth=None, packages_select_by_dep=None, packages_skip_by_dep=None, packages_skip_up_to=None, packages_select_build_failed=False, packages_skip_build_finished=False, packages_select_test_failures=False, packages_skip_test_passed=False, packages_select=None, packages_skip=None, packages_select_regex=None, packages_skip_regex=None, packages_start=None, packages_end=None, cmake_args=None, cmake_target=None, cmake_target_skip_unavailable=False, cmake_clean_cache=False, cmake_clean_first=False, cmake_force_configure=False, ament_cmake_args=None, catkin_cmake_args=None, catkin_skip_building_tests=False, mixin_files=None, mixin=None, verb_parser=<colcon_mixin.mixin.mixin_argument.MixinArgumentDecorator object at 0x727e78a915e0>, verb_extension=<colcon_core.verb.build.BuildVerb object at 0x727e78a90890>, main=<bound method BuildVerb.main of <colcon_core.verb.build.BuildVerb object at 0x727e78a90890>>, mixin_verb=('build',))
[0.098s] Level 1:colcon.colcon_core.package_discovery:discover_packages(colcon_meta) check parameters
[0.099s] INFO:colcon.colcon_metadata.package_discovery.colcon_meta:Using configuration from '/root/.colcon/metadata/default/Gazebo.meta'
[0.099s] INFO:colcon.colcon_metadata.package_discovery.colcon_meta:Using configuration from '/root/.colcon/metadata/default/fastdds.meta'
[0.099s] INFO:colcon.colcon_metadata.package_discovery.colcon_meta:Using configuration from '/root/.colcon/metadata/default/fastrtps.meta'
[0.099s] Level 1:colcon.colcon_core.package_discovery:discover_packages(recursive) check parameters
[0.099s] Level 1:colcon.colcon_core.package_discovery:discover_packages(ignore) check parameters
[0.099s] Level 1:colcon.colcon_core.package_discovery:discover_packages(path) check parameters
[0.099s] Level 1:colcon.colcon_core.package_discovery:discover_packages(colcon_meta) discover
[0.100s] Level 1:colcon.colcon_core.package_discovery:discover_packages(recursive) discover
[0.100s] INFO:colcon.colcon_core.package_discovery:Crawling recursively for packages in '/root/ros2_ws/src/landcore_ros2'
[0.100s] Level 1:colcon.colcon_core.package_identification:_identify(.) by extensions ['ignore', 'ignore_ament_install']
[0.100s] Level 1:colcon.colcon_core.package_identification:_identify(.) by extension 'ignore'
[0.100s] Level 1:colcon.colcon_core.package_identification:_identify(.) by extension 'ignore_ament_install'
[0.100s] Level 1:colcon.colcon_core.package_identification:_identify(.) by extensions ['colcon_pkg']
[0.100s] Level 1:colcon.colcon_core.package_identification:_identify(.) by extension 'colcon_pkg'
[0.100s] Level 1:colcon.colcon_core.package_identification:_identify(.) by extensions ['colcon_meta']
[0.100s] Level 1:colcon.colcon_core.package_identification:_identify(.) by extension 'colcon_meta'
[0.100s] Level 1:colcon.colcon_core.package_identification:_identify(.) by extensions ['ros']
[0.100s] Level 1:colcon.colcon_core.package_identification:_identify(.) by extension 'ros'
[0.121s] Level 1:colcon.colcon_core.package_identification:_identify(.) by extensions ['cmake', 'python']
[0.121s] Level 1:colcon.colcon_core.package_identification:_identify(.) by extension 'cmake'
[0.121s] Level 1:colcon.colcon_core.package_identification:_identify(.) by extension 'python'
[0.121s] Level 1:colcon.colcon_core.package_identification:_identify(.) by extensions ['python_setup_py']
[0.121s] Level 1:colcon.colcon_core.package_identification:_identify(.) by extension 'python_setup_py'
[0.121s] Level 1:colcon.colcon_core.package_identification:_identify(build) by extensions ['ignore', 'ignore_ament_install']
[0.121s] Level 1:colcon.colcon_core.package_identification:_identify(build) by extension 'ignore'
[0.121s] Level 1:colcon.colcon_core.package_identification:_identify(build) ignored
[0.121s] Level 1:colcon.colcon_core.package_identification:_identify(dc_encoder_service) by extensions ['ignore', 'ignore_ament_install']
[0.121s] Level 1:colcon.colcon_core.package_identification:_identify(dc_encoder_service) by extension 'ignore'
[0.121s] Level 1:colcon.colcon_core.package_identification:_identify(dc_encoder_service) by extension 'ignore_ament_install'
[0.121s] Level 1:colcon.colcon_core.package_identification:_identify(dc_encoder_service) by extensions ['colcon_pkg']
[0.121s] Level 1:colcon.colcon_core.package_identification:_identify(dc_encoder_service) by extension 'colcon_pkg'
[0.121s] Level 1:colcon.colcon_core.package_identification:_identify(dc_encoder_service) by extensions ['colcon_meta']
[0.121s] Level 1:colcon.colcon_core.package_identification:_identify(dc_encoder_service) by extension 'colcon_meta'
[0.122s] Level 1:colcon.colcon_core.package_identification:_identify(dc_encoder_service) by extensions ['ros']
[0.122s] Level 1:colcon.colcon_core.package_identification:_identify(dc_encoder_service) by extension 'ros'
[0.124s] DEBUG:colcon.colcon_core.package_identification:Package 'dc_encoder_service' with type 'ros.ament_cmake' and name 'dc_encoder_service'
[0.124s] Level 1:colcon.colcon_core.package_identification:_identify(docker) by extensions ['ignore', 'ignore_ament_install']
[0.124s] Level 1:colcon.colcon_core.package_identification:_identify(docker) by extension 'ignore'
[0.124s] Level 1:colcon.colcon_core.package_identification:_identify(docker) by extension 'ignore_ament_install'
[0.124s] Level 1:colcon.colcon_core.package_identification:_identify(docker) by extensions ['colcon_pkg']
[0.124s] Level 1:colcon.colcon_core.package_identification:_identify(docker) by extension 'colcon_pkg'
[0.124s] Level 1:colcon.colcon_core.package_identification:_identify(docker) by extensions ['colcon_meta']
[0.124s] Level 1:colcon.colcon_core.package_identification:_identify(docker) by extension 'colcon_meta'
[0.124s] Level 1:colcon.colcon_core.package_identification:_identify(docker) by extensions ['ros']
[0.124s] Level 1:colcon.colcon_core.package_identification:_identify(docker) by extension 'ros'
[0.124s] Level 1:colcon.colcon_core.package_identification:_identify(docker) by extensions ['cmake', 'python']
[0.124s] Level 1:colcon.colcon_core.package_identification:_identify(docker) by extension 'cmake'
[0.124s] Level 1:colcon.colcon_core.package_identification:_identify(docker) by extension 'python'
[0.124s] Level 1:colcon.colcon_core.package_identification:_identify(docker) by extensions ['python_setup_py']
[0.124s] Level 1:colcon.colcon_core.package_identification:_identify(docker) by extension 'python_setup_py'
[0.124s] Level 1:colcon.colcon_core.package_identification:_identify(install) by extensions ['ignore', 'ignore_ament_install']
[0.124s] Level 1:colcon.colcon_core.package_identification:_identify(install) by extension 'ignore'
[0.124s] Level 1:colcon.colcon_core.package_identification:_identify(install) ignored
[0.124s] Level 1:colcon.colcon_core.package_identification:_identify(land_camera) by extensions ['ignore', 'ignore_ament_install']
[0.124s] Level 1:colcon.colcon_core.package_identification:_identify(land_camera) by extension 'ignore'
[0.124s] Level 1:colcon.colcon_core.package_identification:_identify(land_camera) by extension 'ignore_ament_install'
[0.124s] Level 1:colcon.colcon_core.package_identification:_identify(land_camera) by extensions ['colcon_pkg']
[0.124s] Level 1:colcon.colcon_core.package_identification:_identify(land_camera) by extension 'colcon_pkg'
[0.124s] Level 1:colcon.colcon_core.package_identification:_identify(land_camera) by extensions ['colcon_meta']
[0.124s] Level 1:colcon.colcon_core.package_identification:_identify(land_camera) by extension 'colcon_meta'
[0.125s] Level 1:colcon.colcon_core.package_identification:_identify(land_camera) by extensions ['ros']
[0.125s] Level 1:colcon.colcon_core.package_identification:_identify(land_camera) by extension 'ros'
[0.125s] DEBUG:colcon.colcon_core.package_identification:Package 'land_camera' with type 'ros.ament_python' and name 'land_camera'
[0.125s] Level 1:colcon.colcon_core.package_identification:_identify(land_description) by extensions ['ignore', 'ignore_ament_install']
[0.125s] Level 1:colcon.colcon_core.package_identification:_identify(land_description) by extension 'ignore'
[0.125s] Level 1:colcon.colcon_core.package_identification:_identify(land_description) by extension 'ignore_ament_install'
[0.125s] Level 1:colcon.colcon_core.package_identification:_identify(land_description) by extensions ['colcon_pkg']
[0.125s] Level 1:colcon.colcon_core.package_identification:_identify(land_description) by extension 'colcon_pkg'
[0.125s] Level 1:colcon.colcon_core.package_identification:_identify(land_description) by extensions ['colcon_meta']
[0.125s] Level 1:colcon.colcon_core.package_identification:_identify(land_description) by extension 'colcon_meta'
[0.125s] Level 1:colcon.colcon_core.package_identification:_identify(land_description) by extensions ['ros']
[0.125s] Level 1:colcon.colcon_core.package_identification:_identify(land_description) by extension 'ros'
[0.126s] DEBUG:colcon.colcon_core.package_identification:Package 'land_description' with type 'ros.ament_cmake' and name 'land_description'
[0.126s] Level 1:colcon.colcon_core.package_identification:_identify(landdrive) by extensions ['ignore', 'ignore_ament_install']
[0.126s] Level 1:colcon.colcon_core.package_identification:_identify(landdrive) by extension 'ignore'
[0.126s] Level 1:colcon.colcon_core.package_identification:_identify(landdrive) by extension 'ignore_ament_install'
[0.126s] Level 1:colcon.colcon_core.package_identification:_identify(landdrive) by extensions ['colcon_pkg']
[0.126s] Level 1:colcon.colcon_core.package_identification:_identify(landdrive) by extension 'colcon_pkg'
[0.126s] Level 1:colcon.colcon_core.package_identification:_identify(landdrive) by extensions ['colcon_meta']
[0.126s] Level 1:colcon.colcon_core.package_identification:_identify(landdrive) by extension 'colcon_meta'
[0.126s] Level 1:colcon.colcon_core.package_identification:_identify(landdrive) by extensions ['ros']
[0.126s] Level 1:colcon.colcon_core.package_identification:_identify(landdrive) by extension 'ros'
[0.126s] DEBUG:colcon.colcon_core.package_identification:Package 'landdrive' with type 'ros.ament_cmake' and name 'landdrive'
[0.126s] Level 1:colcon.colcon_core.package_identification:_identify(landwheeldrive) by extensions ['ignore', 'ignore_ament_install']
[0.126s] Level 1:colcon.colcon_core.package_identification:_identify(landwheeldrive) by extension 'ignore'
[0.126s] Level 1:colcon.colcon_core.package_identification:_identify(landwheeldrive) by extension 'ignore_ament_install'
[0.126s] Level 1:colcon.colcon_core.package_identification:_identify(landwheeldrive) by extensions ['colcon_pkg']
[0.127s] Level 1:colcon.colcon_core.package_identification:_identify(landwheeldrive) by extension 'colcon_pkg'
[0.127s] Level 1:colcon.colcon_core.package_identification:_identify(landwheeldrive) by extensions ['colcon_meta']
[0.127s] Level 1:colcon.colcon_core.package_identification:_identify(landwheeldrive) by extension 'colcon_meta'
[0.127s] Level 1:colcon.colcon_core.package_identification:_identify(landwheeldrive) by extensions ['ros']
[0.127s] Level 1:colcon.colcon_core.package_identification:_identify(landwheeldrive) by extension 'ros'
[0.127s] DEBUG:colcon.colcon_core.package_identification:Package 'landwheeldrive' with type 'ros.ament_python' and name 'landwheeldrive'
[0.127s] Level 1:colcon.colcon_core.package_identification:_identify(launch) by extensions ['ignore', 'ignore_ament_install']
[0.127s] Level 1:colcon.colcon_core.package_identification:_identify(launch) by extension 'ignore'
[0.127s] Level 1:colcon.colcon_core.package_identification:_identify(launch) by extension 'ignore_ament_install'
[0.127s] Level 1:colcon.colcon_core.package_identification:_identify(launch) by extensions ['colcon_pkg']
[0.127s] Level 1:colcon.colcon_core.package_identification:_identify(launch) by extension 'colcon_pkg'
[0.127s] Level 1:colcon.colcon_core.package_identification:_identify(launch) by extensions ['colcon_meta']
[0.127s] Level 1:colcon.colcon_core.package_identification:_identify(launch) by extension 'colcon_meta'
[0.127s] Level 1:colcon.colcon_core.package_identification:_identify(launch) by extensions ['ros']
[0.127s] Level 1:colcon.colcon_core.package_identification:_identify(launch) by extension 'ros'
[0.127s] Level 1:colcon.colcon_core.package_identification:_identify(launch) by extensions ['cmake', 'python']
[0.127s] Level 1:colcon.colcon_core.package_identification:_identify(launch) by extension 'cmake'
[0.127s] Level 1:colcon.colcon_core.package_identification:_identify(launch) by extension 'python'
[0.127s] Level 1:colcon.colcon_core.package_identification:_identify(launch) by extensions ['python_setup_py']
[0.127s] Level 1:colcon.colcon_core.package_identification:_identify(launch) by extension 'python_setup_py'
[0.127s] Level 1:colcon.colcon_core.package_identification:_identify(log) by extensions ['ignore', 'ignore_ament_install']
[0.127s] Level 1:colcon.colcon_core.package_identification:_identify(log) by extension 'ignore'
[0.127s] Level 1:colcon.colcon_core.package_identification:_identify(log) ignored
[0.127s] Level 1:colcon.colcon_core.package_identification:_identify(sllidar_ros2) by extensions ['ignore', 'ignore_ament_install']
[0.128s] Level 1:colcon.colcon_core.package_identification:_identify(sllidar_ros2) by extension 'ignore'
[0.128s] Level 1:colcon.colcon_core.package_identification:_identify(sllidar_ros2) by extension 'ignore_ament_install'
[0.128s] Level 1:colcon.colcon_core.package_identification:_identify(sllidar_ros2) by extensions ['colcon_pkg']
[0.128s] Level 1:colcon.colcon_core.package_identification:_identify(sllidar_ros2) by extension 'colcon_pkg'
[0.128s] Level 1:colcon.colcon_core.package_identification:_identify(sllidar_ros2) by extensions ['colcon_meta']
[0.128s] Level 1:colcon.colcon_core.package_identification:_identify(sllidar_ros2) by extension 'colcon_meta'
[0.128s] Level 1:colcon.colcon_core.package_identification:_identify(sllidar_ros2) by extensions ['ros']
[0.128s] Level 1:colcon.colcon_core.package_identification:_identify(sllidar_ros2) by extension 'ros'
[0.128s] DEBUG:colcon.colcon_core.package_identification:Package 'sllidar_ros2' with type 'ros.ament_cmake' and name 'sllidar_ros2'
[0.128s] Level 1:colcon.colcon_core.package_discovery:discover_packages(recursive) using defaults
[0.128s] Level 1:colcon.colcon_core.package_discovery:discover_packages(ignore) discover
[0.128s] Level 1:colcon.colcon_core.package_discovery:discover_packages(ignore) using defaults
[0.128s] Level 1:colcon.colcon_core.package_discovery:discover_packages(path) discover
[0.128s] Level 1:colcon.colcon_core.package_discovery:discover_packages(path) using defaults
[0.142s] Level 5:colcon.colcon_core.verb:set package 'dc_encoder_service' build argument 'cmake_args' from command line to 'None'
[0.142s] Level 5:colcon.colcon_core.verb:set package 'dc_encoder_service' build argument 'cmake_target' from command line to 'None'
[0.142s] Level 5:colcon.colcon_core.verb:set package 'dc_encoder_service' build argument 'cmake_target_skip_unavailable' from command line to 'False'
[0.142s] Level 5:colcon.colcon_core.verb:set package 'dc_encoder_service' build argument 'cmake_clean_cache' from command line to 'False'
[0.142s] Level 5:colcon.colcon_core.verb:set package 'dc_encoder_service' build argument 'cmake_clean_first' from command line to 'False'
[0.142s] Level 5:colcon.colcon_core.verb:set package 'dc_encoder_service' build argument 'cmake_force_configure' from command line to 'False'
[0.142s] Level 5:colcon.colcon_core.verb:set package 'dc_encoder_service' build argument 'ament_cmake_args' from command line to 'None'
[0.142s] Level 5:colcon.colcon_core.verb:set package 'dc_encoder_service' build argument 'catkin_cmake_args' from command line to 'None'
[0.143s] Level 5:colcon.colcon_core.verb:set package 'dc_encoder_service' build argument 'catkin_skip_building_tests' from command line to 'False'
[0.143s] DEBUG:colcon.colcon_core.verb:Building package 'dc_encoder_service' with the following arguments: {'ament_cmake_args': None, 'build_base': '/root/ros2_ws/src/landcore_ros2/build/dc_encoder_service', 'catkin_cmake_args': None, 'catkin_skip_building_tests': False, 'cmake_args': None, 'cmake_clean_cache': False, 'cmake_clean_first': False, 'cmake_force_configure': False, 'cmake_target': None, 'cmake_target_skip_unavailable': False, 'install_base': '/root/ros2_ws/src/landcore_ros2/install/dc_encoder_service', 'merge_install': False, 'path': '/root/ros2_ws/src/landcore_ros2/dc_encoder_service', 'symlink_install': False, 'test_result_base': None}
[0.143s] Level 5:colcon.colcon_core.verb:set package 'land_camera' build argument 'cmake_args' from command line to 'None'
[0.143s] Level 5:colcon.colcon_core.verb:set package 'land_camera' build argument 'cmake_target' from command line to 'None'
[0.143s] Level 5:colcon.colcon_core.verb:set package 'land_camera' build argument 'cmake_target_skip_unavailable' from command line to 'False'
[0.143s] Level 5:colcon.colcon_core.verb:set package 'land_camera' build argument 'cmake_clean_cache' from command line to 'False'
[0.143s] Level 5:colcon.colcon_core.verb:set package 'land_camera' build argument 'cmake_clean_first' from command line to 'False'
[0.143s] Level 5:colcon.colcon_core.verb:set package 'land_camera' build argument 'cmake_force_configure' from command line to 'False'
[0.143s] Level 5:colcon.colcon_core.verb:set package 'land_camera' build argument 'ament_cmake_args' from command line to 'None'
[0.143s] Level 5:colcon.colcon_core.verb:set package 'land_camera' build argument 'catkin_cmake_args' from command line to 'None'
[0.143s] Level 5:colcon.colcon_core.verb:set package 'land_camera' build argument 'catkin_skip_building_tests' from command line to 'False'
[0.143s] DEBUG:colcon.colcon_core.verb:Building package 'land_camera' with the following arguments: {'ament_cmake_args': None, 'build_base': '/root/ros2_ws/src/landcore_ros2/build/land_camera', 'catkin_cmake_args': None, 'catkin_skip_building_tests': False, 'cmake_args': None, 'cmake_clean_cache': False, 'cmake_clean_first': False, 'cmake_force_configure': False, 'cmake_target': None, 'cmake_target_skip_unavailable': False, 'install_base': '/root/ros2_ws/src/landcore_ros2/install/land_camera', 'merge_install': False, 'path': '/root/ros2_ws/src/landcore_ros2/land_camera', 'symlink_install': False, 'test_result_base': None}
[0.143s] Level 5:colcon.colcon_core.verb:set package 'land_description' build argument 'cmake_args' from command line to 'None'
[0.143s] Level 5:colcon.colcon_core.verb:set package 'land_description' build argument 'cmake_target' from command line to 'None'
[0.143s] Level 5:colcon.colcon_core.verb:set package 'land_description' build argument 'cmake_target_skip_unavailable' from command line to 'False'
[0.143s] Level 5:colcon.colcon_core.verb:set package 'land_description' build argument 'cmake_clean_cache' from command line to 'False'
[0.143s] Level 5:colcon.colcon_core.verb:set package 'land_description' build argument 'cmake_clean_first' from command line to 'False'
[0.143s] Level 5:colcon.colcon_core.verb:set package 'land_description' build argument 'cmake_force_configure' from command line to 'False'
[0.143s] Level 5:colcon.colcon_core.verb:set package 'land_description' build argument 'ament_cmake_args' from command line to 'None'
[0.143s] Level 5:colcon.colcon_core.verb:set package 'land_description' build argument 'catkin_cmake_args' from command line to 'None'
[0.143s] Level 5:colcon.colcon_core.verb:set package 'land_description' build argument 'catkin_skip_building_tests' from command line to 'False'
[0.143s] DEBUG:colcon.colcon_core.verb:Building package 'land_description' with the following arguments: {'ament_cmake_args': None, 'build_base': '/root/ros2_ws/src/landcore_ros2/build/land_description', 'catkin_cmake_args': None, 'catkin_skip_building_tests': False, 'cmake_args': None, 'cmake_clean_cache': False, 'cmake_clean_first': False, 'cmake_force_configure': False, 'cmake_target': None, 'cmake_target_skip_unavailable': False, 'install_base': '/root/ros2_ws/src/landcore_ros2/install/land_description', 'merge_install': False, 'path': '/root/ros2_ws/src/landcore_ros2/land_description', 'symlink_install': False, 'test_result_base': None}
[0.143s] Level 5:colcon.colcon_core.verb:set package 'landdrive' build argument 'cmake_args' from command line to 'None'
[0.143s] Level 5:colcon.colcon_core.verb:set package 'landdrive' build argument 'cmake_target' from command line to 'None'
[0.143s] Level 5:colcon.colcon_core.verb:set package 'landdrive' build argument 'cmake_target_skip_unavailable' from command line to 'False'
[0.143s] Level 5:colcon.colcon_core.verb:set package 'landdrive' build argument 'cmake_clean_cache' from command line to 'False'
[0.143s] Level 5:colcon.colcon_core.verb:set package 'landdrive' build argument 'cmake_clean_first' from command line to 'False'
[0.143s] Level 5:colcon.colcon_core.verb:set package 'landdrive' build argument 'cmake_force_configure' from command line to 'False'
[0.143s] Level 5:colcon.colcon_core.verb:set package 'landdrive' build argument 'ament_cmake_args' from command line to 'None'
[0.143s] Level 5:colcon.colcon_core.verb:set package 'landdrive' build argument 'catkin_cmake_args' from command line to 'None'
[0.143s] Level 5:colcon.colcon_core.verb:set package 'landdrive' build argument 'catkin_skip_building_tests' from command line to 'False'
[0.143s] DEBUG:colcon.colcon_core.verb:Building package 'landdrive' with the following arguments: {'ament_cmake_args': None, 'build_base': '/root/ros2_ws/src/landcore_ros2/build/landdrive', 'catkin_cmake_args': None, 'catkin_skip_building_tests': False, 'cmake_args': None, 'cmake_clean_cache': False, 'cmake_clean_first': False, 'cmake_force_configure': False, 'cmake_target': None, 'cmake_target_skip_unavailable': False, 'install_base': '/root/ros2_ws/src/landcore_ros2/install/landdrive', 'merge_install': False, 'path': '/root/ros2_ws/src/landcore_ros2/landdrive', 'symlink_install': False, 'test_result_base': None}
[0.143s] Level 5:colcon.colcon_core.verb:set package 'sllidar_ros2' build argument 'cmake_args' from command line to 'None'
[0.143s] Level 5:colcon.colcon_core.verb:set package 'sllidar_ros2' build argument 'cmake_target' from command line to 'None'
[0.143s] Level 5:colcon.colcon_core.verb:set package 'sllidar_ros2' build argument 'cmake_target_skip_unavailable' from command line to 'False'
[0.143s] Level 5:colcon.colcon_core.verb:set package 'sllidar_ros2' build argument 'cmake_clean_cache' from command line to 'False'
[0.143s] Level 5:colcon.colcon_core.verb:set package 'sllidar_ros2' build argument 'cmake_clean_first' from command line to 'False'
[0.144s] Level 5:colcon.colcon_core.verb:set package 'sllidar_ros2' build argument 'cmake_force_configure' from command line to 'False'
[0.144s] Level 5:colcon.colcon_core.verb:set package 'sllidar_ros2' build argument 'ament_cmake_args' from command line to 'None'
[0.144s] Level 5:colcon.colcon_core.verb:set package 'sllidar_ros2' build argument 'catkin_cmake_args' from command line to 'None'
[0.144s] Level 5:colcon.colcon_core.verb:set package 'sllidar_ros2' build argument 'catkin_skip_building_tests' from command line to 'False'
[0.144s] DEBUG:colcon.colcon_core.verb:Building package 'sllidar_ros2' with the following arguments: {'ament_cmake_args': None, 'build_base': '/root/ros2_ws/src/landcore_ros2/build/sllidar_ros2', 'catkin_cmake_args': None, 'catkin_skip_building_tests': False, 'cmake_args': None, 'cmake_clean_cache': False, 'cmake_clean_first': False, 'cmake_force_configure': False, 'cmake_target': None, 'cmake_target_skip_unavailable': False, 'install_base': '/root/ros2_ws/src/landcore_ros2/install/sllidar_ros2', 'merge_install': False, 'path': '/root/ros2_ws/src/landcore_ros2/sllidar_ros2', 'symlink_install': False, 'test_result_base': None}
[0.144s] Level 5:colcon.colcon_core.verb:set package 'landwheeldrive' build argument 'cmake_args' from command line to 'None'
[0.144s] Level 5:colcon.colcon_core.verb:set package 'landwheeldrive' build argument 'cmake_target' from command line to 'None'
[0.144s] Level 5:colcon.colcon_core.verb:set package 'landwheeldrive' build argument 'cmake_target_skip_unavailable' from command line to 'False'
[0.144s] Level 5:colcon.colcon_core.verb:set package 'landwheeldrive' build argument 'cmake_clean_cache' from command line to 'False'
[0.144s] Level 5:colcon.colcon_core.verb:set package 'landwheeldrive' build argument 'cmake_clean_first' from command line to 'False'
[0.144s] Level 5:colcon.colcon_core.verb:set package 'landwheeldrive' build argument 'cmake_force_configure' from command line to 'False'
[0.144s] Level 5:colcon.colcon_core.verb:set package 'landwheeldrive' build argument 'ament_cmake_args' from command line to 'None'
[0.144s] Level 5:colcon.colcon_core.verb:set package 'landwheeldrive' build argument 'catkin_cmake_args' from command line to 'None'
[0.144s] Level 5:colcon.colcon_core.verb:set package 'landwheeldrive' build argument 'catkin_skip_building_tests' from command line to 'False'
[0.144s] DEBUG:colcon.colcon_core.verb:Building package 'landwheeldrive' with the following arguments: {'ament_cmake_args': None, 'build_base': '/root/ros2_ws/src/landcore_ros2/build/landwheeldrive', 'catkin_cmake_args': None, 'catkin_skip_building_tests': False, 'cmake_args': None, 'cmake_clean_cache': False, 'cmake_clean_first': False, 'cmake_force_configure': False, 'cmake_target': None, 'cmake_target_skip_unavailable': False, 'install_base': '/root/ros2_ws/src/landcore_ros2/install/landwheeldrive', 'merge_install': False, 'path': '/root/ros2_ws/src/landcore_ros2/landwheeldrive', 'symlink_install': False, 'test_result_base': None}
[0.144s] INFO:colcon.colcon_core.executor:Executing jobs using 'parallel' executor
[0.145s] DEBUG:colcon.colcon_parallel_executor.executor.parallel:run_until_complete
[0.145s] INFO:colcon.colcon_ros.task.ament_cmake.build:Building ROS package in '/root/ros2_ws/src/landcore_ros2/dc_encoder_service' with build type 'ament_cmake'
[0.145s] INFO:colcon.colcon_cmake.task.cmake.build:Building CMake package in '/root/ros2_ws/src/landcore_ros2/dc_encoder_service'
[0.146s] INFO:colcon.colcon_core.plugin_system:Skipping extension 'colcon_core.shell.bat': Not used on non-Windows systems
[0.146s] INFO:colcon.colcon_core.shell:Skip shell extension 'powershell' for command environment: Not usable outside of PowerShell
[0.146s] DEBUG:colcon.colcon_core.shell:Skip shell extension 'dsv' for command environment
[0.149s] INFO:colcon.colcon_ros.task.ament_python.build:Building ROS package in '/root/ros2_ws/src/landcore_ros2/land_camera' with build type 'ament_python'
[0.149s] Level 1:colcon.colcon_core.shell:create_environment_hook('land_camera', 'ament_prefix_path')
[0.150s] INFO:colcon.colcon_core.shell:Creating environment hook '/root/ros2_ws/src/landcore_ros2/install/land_camera/share/land_camera/hook/ament_prefix_path.ps1'
[0.150s] INFO:colcon.colcon_core.shell:Creating environment descriptor '/root/ros2_ws/src/landcore_ros2/install/land_camera/share/land_camera/hook/ament_prefix_path.dsv'
[0.150s] INFO:colcon.colcon_core.shell:Creating environment hook '/root/ros2_ws/src/landcore_ros2/install/land_camera/share/land_camera/hook/ament_prefix_path.sh'
[0.151s] INFO:colcon.colcon_core.shell:Skip shell extension 'powershell' for command environment: Not usable outside of PowerShell
[0.151s] DEBUG:colcon.colcon_core.shell:Skip shell extension 'dsv' for command environment
[0.153s] INFO:colcon.colcon_ros.task.ament_cmake.build:Building ROS package in '/root/ros2_ws/src/landcore_ros2/land_description' with build type 'ament_cmake'
[0.153s] INFO:colcon.colcon_cmake.task.cmake.build:Building CMake package in '/root/ros2_ws/src/landcore_ros2/land_description'
[0.153s] INFO:colcon.colcon_core.shell:Skip shell extension 'powershell' for command environment: Not usable outside of PowerShell
[0.153s] DEBUG:colcon.colcon_core.shell:Skip shell extension 'dsv' for command environment
[0.157s] INFO:colcon.colcon_ros.task.ament_cmake.build:Building ROS package in '/root/ros2_ws/src/landcore_ros2/landdrive' with build type 'ament_cmake'
[0.157s] INFO:colcon.colcon_cmake.task.cmake.build:Building CMake package in '/root/ros2_ws/src/landcore_ros2/landdrive'
[0.157s] INFO:colcon.colcon_core.shell:Skip shell extension 'powershell' for command environment: Not usable outside of PowerShell
[0.157s] DEBUG:colcon.colcon_core.shell:Skip shell extension 'dsv' for command environment
[0.161s] INFO:colcon.colcon_ros.task.ament_cmake.build:Building ROS package in '/root/ros2_ws/src/landcore_ros2/sllidar_ros2' with build type 'ament_cmake'
[0.161s] INFO:colcon.colcon_cmake.task.cmake.build:Building CMake package in '/root/ros2_ws/src/landcore_ros2/sllidar_ros2'
[0.161s] INFO:colcon.colcon_core.shell:Skip shell extension 'powershell' for command environment: Not usable outside of PowerShell
[0.161s] DEBUG:colcon.colcon_core.shell:Skip shell extension 'dsv' for command environment
[0.169s] DEBUG:colcon.colcon_core.event_handler.log_command:Invoking command in '/root/ros2_ws/src/landcore_ros2/build/dc_encoder_service': CMAKE_PREFIX_PATH=${CMAKE_PREFIX_PATH}:/root/ros2_ws/install/landwheeldrive:/opt/ros/jazzy /usr/bin/cmake --build /root/ros2_ws/src/landcore_ros2/build/dc_encoder_service -- -j12 -l12
[0.395s] INFO:colcon.colcon_core.task.python.build:Building Python package in '/root/ros2_ws/src/landcore_ros2/land_camera'
[0.395s] INFO:colcon.colcon_core.shell:Skip shell extension 'powershell' for command environment: Not usable outside of PowerShell
[0.395s] DEBUG:colcon.colcon_core.shell:Skip shell extension 'dsv' for command environment
[0.401s] DEBUG:colcon.colcon_core.event_handler.log_command:Invoking command in '/root/ros2_ws/src/landcore_ros2/build/land_description': CMAKE_PREFIX_PATH=${CMAKE_PREFIX_PATH}:/root/ros2_ws/install/landwheeldrive:/opt/ros/jazzy /usr/bin/cmake --build /root/ros2_ws/src/landcore_ros2/build/land_description -- -j12 -l12
[0.403s] DEBUG:colcon.colcon_core.event_handler.log_command:Invoking command in '/root/ros2_ws/src/landcore_ros2/build/landdrive': CMAKE_PREFIX_PATH=${CMAKE_PREFIX_PATH}:/root/ros2_ws/install/landwheeldrive:/opt/ros/jazzy /usr/bin/cmake --build /root/ros2_ws/src/landcore_ros2/build/landdrive -- -j12 -l12
[0.411s] DEBUG:colcon.colcon_core.event_handler.log_command:Invoking command in '/root/ros2_ws/src/landcore_ros2/build/sllidar_ros2': CMAKE_PREFIX_PATH=${CMAKE_PREFIX_PATH}:/root/ros2_ws/install/landwheeldrive:/opt/ros/jazzy /usr/bin/cmake --build /root/ros2_ws/src/landcore_ros2/build/sllidar_ros2 -- -j12 -l12
[0.469s] DEBUG:colcon.colcon_core.event_handler.log_command:Invoked command in '/root/ros2_ws/src/landcore_ros2/build/dc_encoder_service' returned '0': CMAKE_PREFIX_PATH=${CMAKE_PREFIX_PATH}:/root/ros2_ws/install/landwheeldrive:/opt/ros/jazzy /usr/bin/cmake --build /root/ros2_ws/src/landcore_ros2/build/dc_encoder_service -- -j12 -l12
[0.481s] DEBUG:colcon.colcon_core.event_handler.log_command:Invoking command in '/root/ros2_ws/src/landcore_ros2/build/dc_encoder_service': CMAKE_PREFIX_PATH=${CMAKE_PREFIX_PATH}:/root/ros2_ws/install/landwheeldrive:/opt/ros/jazzy /usr/bin/cmake --install /root/ros2_ws/src/landcore_ros2/build/dc_encoder_service
[0.482s] DEBUG:colcon.colcon_core.event_handler.log_command:Invoked command in '/root/ros2_ws/src/landcore_ros2/build/land_description' returned '0': CMAKE_PREFIX_PATH=${CMAKE_PREFIX_PATH}:/root/ros2_ws/install/landwheeldrive:/opt/ros/jazzy /usr/bin/cmake --build /root/ros2_ws/src/landcore_ros2/build/land_description -- -j12 -l12
[0.484s] DEBUG:colcon.colcon_core.event_handler.log_command:Invoking command in '/root/ros2_ws/src/landcore_ros2/build/land_description': CMAKE_PREFIX_PATH=${CMAKE_PREFIX_PATH}:/root/ros2_ws/install/landwheeldrive:/opt/ros/jazzy /usr/bin/cmake --install /root/ros2_ws/src/landcore_ros2/build/land_description
[0.486s] DEBUG:colcon.colcon_core.event_handler.log_command:Invoked command in '/root/ros2_ws/src/landcore_ros2/build/landdrive' returned '0': CMAKE_PREFIX_PATH=${CMAKE_PREFIX_PATH}:/root/ros2_ws/install/landwheeldrive:/opt/ros/jazzy /usr/bin/cmake --build /root/ros2_ws/src/landcore_ros2/build/landdrive -- -j12 -l12
[0.487s] DEBUG:colcon.colcon_core.event_handler.log_command:Invoking command in '/root/ros2_ws/src/landcore_ros2/build/landdrive': CMAKE_PREFIX_PATH=${CMAKE_PREFIX_PATH}:/root/ros2_ws/install/landwheeldrive:/opt/ros/jazzy /usr/bin/cmake --install /root/ros2_ws/src/landcore_ros2/build/landdrive
[0.488s] DEBUG:colcon.colcon_core.event_handler.log_command:Invoked command in '/root/ros2_ws/src/landcore_ros2/build/sllidar_ros2' returned '0': CMAKE_PREFIX_PATH=${CMAKE_PREFIX_PATH}:/root/ros2_ws/install/landwheeldrive:/opt/ros/jazzy /usr/bin/cmake --build /root/ros2_ws/src/landcore_ros2/build/sllidar_ros2 -- -j12 -l12
[0.491s] DEBUG:colcon.colcon_core.event_handler.log_command:Invoking command in '/root/ros2_ws/src/landcore_ros2/build/sllidar_ros2': CMAKE_PREFIX_PATH=${CMAKE_PREFIX_PATH}:/root/ros2_ws/install/landwheeldrive:/opt/ros/jazzy /usr/bin/cmake --install /root/ros2_ws/src/landcore_ros2/build/sllidar_ros2
[0.498s] Level 1:colcon.colcon_core.environment:create_environment_scripts_only(land_description)
[0.505s] Level 1:colcon.colcon_core.environment:checking '/root/ros2_ws/src/landcore_ros2/install/land_description' for CMake module files
[0.507s] Level 1:colcon.colcon_core.environment:checking '/root/ros2_ws/src/landcore_ros2/install/land_description' for CMake config files
[0.508s] DEBUG:colcon.colcon_core.event_handler.log_command:Invoked command in '/root/ros2_ws/src/landcore_ros2/build/land_description' returned '0': CMAKE_PREFIX_PATH=${CMAKE_PREFIX_PATH}:/root/ros2_ws/install/landwheeldrive:/opt/ros/jazzy /usr/bin/cmake --install /root/ros2_ws/src/landcore_ros2/build/land_description
[0.508s] Level 1:colcon.colcon_core.shell:create_environment_hook('land_description', 'cmake_prefix_path')
[0.509s] INFO:colcon.colcon_core.shell:Creating environment hook '/root/ros2_ws/src/landcore_ros2/install/land_description/share/land_description/hook/cmake_prefix_path.ps1'
[0.510s] INFO:colcon.colcon_core.shell:Creating environment descriptor '/root/ros2_ws/src/landcore_ros2/install/land_description/share/land_description/hook/cmake_prefix_path.dsv'
[0.510s] INFO:colcon.colcon_core.shell:Creating environment hook '/root/ros2_ws/src/landcore_ros2/install/land_description/share/land_description/hook/cmake_prefix_path.sh'
[0.512s] Level 1:colcon.colcon_core.environment:checking '/root/ros2_ws/src/landcore_ros2/install/land_description/lib'
[0.512s] Level 1:colcon.colcon_core.shell:create_environment_hook('land_description', 'ld_library_path_lib')
[0.512s] INFO:colcon.colcon_core.shell:Creating environment hook '/root/ros2_ws/src/landcore_ros2/install/land_description/share/land_description/hook/ld_library_path_lib.ps1'
[0.513s] INFO:colcon.colcon_core.shell:Creating environment descriptor '/root/ros2_ws/src/landcore_ros2/install/land_description/share/land_description/hook/ld_library_path_lib.dsv'
[0.514s] INFO:colcon.colcon_core.shell:Creating environment hook '/root/ros2_ws/src/landcore_ros2/install/land_description/share/land_description/hook/ld_library_path_lib.sh'
[0.514s] Level 1:colcon.colcon_core.environment:checking '/root/ros2_ws/src/landcore_ros2/install/land_description/bin'
[0.514s] Level 1:colcon.colcon_core.environment:checking '/root/ros2_ws/src/landcore_ros2/install/land_description/lib/pkgconfig/land_description.pc'
[0.515s] Level 1:colcon.colcon_core.environment:checking '/root/ros2_ws/src/landcore_ros2/install/land_description/lib/python3.12/site-packages'
[0.515s] Level 1:colcon.colcon_core.environment:checking '/root/ros2_ws/src/landcore_ros2/install/land_description/bin'
[0.516s] INFO:colcon.colcon_core.shell:Creating package script '/root/ros2_ws/src/landcore_ros2/install/land_description/share/land_description/package.ps1'
[0.517s] INFO:colcon.colcon_core.shell:Creating package descriptor '/root/ros2_ws/src/landcore_ros2/install/land_description/share/land_description/package.dsv'
[0.518s] INFO:colcon.colcon_core.shell:Creating package script '/root/ros2_ws/src/landcore_ros2/install/land_description/share/land_description/package.sh'
[0.519s] INFO:colcon.colcon_core.shell:Creating package script '/root/ros2_ws/src/landcore_ros2/install/land_description/share/land_description/package.bash'
[0.521s] INFO:colcon.colcon_core.shell:Creating package script '/root/ros2_ws/src/landcore_ros2/install/land_description/share/land_description/package.zsh'
[0.521s] Level 1:colcon.colcon_core.environment:create_file_with_runtime_dependencies(/root/ros2_ws/src/landcore_ros2/install/land_description/share/colcon-core/packages/land_description)
[0.523s] Level 1:colcon.colcon_core.environment:create_environment_scripts_only(land_description)
[0.523s] Level 1:colcon.colcon_core.environment:checking '/root/ros2_ws/src/landcore_ros2/install/land_description' for CMake module files
[0.524s] Level 1:colcon.colcon_core.environment:checking '/root/ros2_ws/src/landcore_ros2/install/land_description' for CMake config files
[0.524s] Level 1:colcon.colcon_core.shell:create_environment_hook('land_description', 'cmake_prefix_path')
[0.525s] INFO:colcon.colcon_core.shell:Creating environment hook '/root/ros2_ws/src/landcore_ros2/install/land_description/share/land_description/hook/cmake_prefix_path.ps1'
[0.525s] INFO:colcon.colcon_core.shell:Creating environment descriptor '/root/ros2_ws/src/landcore_ros2/install/land_description/share/land_description/hook/cmake_prefix_path.dsv'
[0.525s] INFO:colcon.colcon_core.shell:Creating environment hook '/root/ros2_ws/src/landcore_ros2/install/land_description/share/land_description/hook/cmake_prefix_path.sh'
[0.527s] Level 1:colcon.colcon_core.environment:checking '/root/ros2_ws/src/landcore_ros2/install/land_description/lib'
[0.527s] Level 1:colcon.colcon_core.shell:create_environment_hook('land_description', 'ld_library_path_lib')
[0.527s] INFO:colcon.colcon_core.shell:Creating environment hook '/root/ros2_ws/src/landcore_ros2/install/land_description/share/land_description/hook/ld_library_path_lib.ps1'
[0.528s] INFO:colcon.colcon_core.shell:Creating environment descriptor '/root/ros2_ws/src/landcore_ros2/install/land_description/share/land_description/hook/ld_library_path_lib.dsv'
[0.529s] INFO:colcon.colcon_core.shell:Creating environment hook '/root/ros2_ws/src/landcore_ros2/install/land_description/share/land_description/hook/ld_library_path_lib.sh'
[0.529s] Level 1:colcon.colcon_core.environment:checking '/root/ros2_ws/src/landcore_ros2/install/land_description/bin'
[0.530s] Level 1:colcon.colcon_core.environment:checking '/root/ros2_ws/src/landcore_ros2/install/land_description/lib/pkgconfig/land_description.pc'
[0.530s] Level 1:colcon.colcon_core.environment:checking '/root/ros2_ws/src/landcore_ros2/install/land_description/lib/python3.12/site-packages'
[0.530s] Level 1:colcon.colcon_core.environment:checking '/root/ros2_ws/src/landcore_ros2/install/land_description/bin'
[0.531s] INFO:colcon.colcon_core.shell:Creating package script '/root/ros2_ws/src/landcore_ros2/install/land_description/share/land_description/package.ps1'
[0.531s] INFO:colcon.colcon_core.shell:Creating package descriptor '/root/ros2_ws/src/landcore_ros2/install/land_description/share/land_description/package.dsv'
[0.532s] INFO:colcon.colcon_core.shell:Creating package script '/root/ros2_ws/src/landcore_ros2/install/land_description/share/land_description/package.sh'
[0.533s] INFO:colcon.colcon_core.shell:Creating package script '/root/ros2_ws/src/landcore_ros2/install/land_description/share/land_description/package.bash'
[0.534s] INFO:colcon.colcon_core.shell:Creating package script '/root/ros2_ws/src/landcore_ros2/install/land_description/share/land_description/package.zsh'
[0.534s] Level 1:colcon.colcon_core.environment:create_file_with_runtime_dependencies(/root/ros2_ws/src/landcore_ros2/install/land_description/share/colcon-core/packages/land_description)
[0.536s] Level 1:colcon.colcon_core.environment:create_environment_scripts_only(sllidar_ros2)
[0.536s] Level 1:colcon.colcon_core.environment:checking '/root/ros2_ws/src/landcore_ros2/install/sllidar_ros2' for CMake module files
[0.538s] Level 1:colcon.colcon_core.environment:checking '/root/ros2_ws/src/landcore_ros2/install/sllidar_ros2' for CMake config files
[0.539s] Level 1:colcon.colcon_core.shell:create_environment_hook('sllidar_ros2', 'cmake_prefix_path')
[0.539s] INFO:colcon.colcon_core.shell:Creating environment hook '/root/ros2_ws/src/landcore_ros2/install/sllidar_ros2/share/sllidar_ros2/hook/cmake_prefix_path.ps1'
[0.540s] DEBUG:colcon.colcon_core.event_handler.log_command:Invoked command in '/root/ros2_ws/src/landcore_ros2/build/sllidar_ros2' returned '0': CMAKE_PREFIX_PATH=${CMAKE_PREFIX_PATH}:/root/ros2_ws/install/landwheeldrive:/opt/ros/jazzy /usr/bin/cmake --install /root/ros2_ws/src/landcore_ros2/build/sllidar_ros2
[0.540s] INFO:colcon.colcon_core.shell:Creating environment descriptor '/root/ros2_ws/src/landcore_ros2/install/sllidar_ros2/share/sllidar_ros2/hook/cmake_prefix_path.dsv'
[0.540s] INFO:colcon.colcon_core.shell:Creating environment hook '/root/ros2_ws/src/landcore_ros2/install/sllidar_ros2/share/sllidar_ros2/hook/cmake_prefix_path.sh'
[0.541s] Level 1:colcon.colcon_core.environment:checking '/root/ros2_ws/src/landcore_ros2/install/sllidar_ros2/lib'
[0.541s] Level 1:colcon.colcon_core.environment:checking '/root/ros2_ws/src/landcore_ros2/install/sllidar_ros2/bin'
[0.541s] Level 1:colcon.colcon_core.environment:checking '/root/ros2_ws/src/landcore_ros2/install/sllidar_ros2/lib/pkgconfig/sllidar_ros2.pc'
[0.541s] Level 1:colcon.colcon_core.environment:checking '/root/ros2_ws/src/landcore_ros2/install/sllidar_ros2/lib/python3.12/site-packages'
[0.542s] Level 1:colcon.colcon_core.environment:checking '/root/ros2_ws/src/landcore_ros2/install/sllidar_ros2/bin'
[0.542s] INFO:colcon.colcon_core.shell:Creating package script '/root/ros2_ws/src/landcore_ros2/install/sllidar_ros2/share/sllidar_ros2/package.ps1'
[0.543s] INFO:colcon.colcon_core.shell:Creating package descriptor '/root/ros2_ws/src/landcore_ros2/install/sllidar_ros2/share/sllidar_ros2/package.dsv'
[0.543s] INFO:colcon.colcon_core.shell:Creating package script '/root/ros2_ws/src/landcore_ros2/install/sllidar_ros2/share/sllidar_ros2/package.sh'
[0.544s] INFO:colcon.colcon_core.shell:Creating package script '/root/ros2_ws/src/landcore_ros2/install/sllidar_ros2/share/sllidar_ros2/package.bash'
[0.544s] INFO:colcon.colcon_core.shell:Creating package script '/root/ros2_ws/src/landcore_ros2/install/sllidar_ros2/share/sllidar_ros2/package.zsh'
[0.544s] Level 1:colcon.colcon_core.environment:create_file_with_runtime_dependencies(/root/ros2_ws/src/landcore_ros2/install/sllidar_ros2/share/colcon-core/packages/sllidar_ros2)
[0.545s] Level 1:colcon.colcon_core.environment:create_environment_scripts_only(sllidar_ros2)
[0.545s] Level 1:colcon.colcon_core.environment:checking '/root/ros2_ws/src/landcore_ros2/install/sllidar_ros2' for CMake module files
[0.546s] Level 1:colcon.colcon_core.environment:checking '/root/ros2_ws/src/landcore_ros2/install/sllidar_ros2' for CMake config files
[0.546s] Level 1:colcon.colcon_core.shell:create_environment_hook('sllidar_ros2', 'cmake_prefix_path')
[0.546s] INFO:colcon.colcon_core.shell:Creating environment hook '/root/ros2_ws/src/landcore_ros2/install/sllidar_ros2/share/sllidar_ros2/hook/cmake_prefix_path.ps1'
[0.547s] INFO:colcon.colcon_core.shell:Creating environment descriptor '/root/ros2_ws/src/landcore_ros2/install/sllidar_ros2/share/sllidar_ros2/hook/cmake_prefix_path.dsv'
[0.547s] INFO:colcon.colcon_core.shell:Creating environment hook '/root/ros2_ws/src/landcore_ros2/install/sllidar_ros2/share/sllidar_ros2/hook/cmake_prefix_path.sh'
[0.548s] Level 1:colcon.colcon_core.environment:checking '/root/ros2_ws/src/landcore_ros2/install/sllidar_ros2/lib'
[0.548s] Level 1:colcon.colcon_core.environment:checking '/root/ros2_ws/src/landcore_ros2/install/sllidar_ros2/bin'
[0.548s] Level 1:colcon.colcon_core.environment:checking '/root/ros2_ws/src/landcore_ros2/install/sllidar_ros2/lib/pkgconfig/sllidar_ros2.pc'
[0.548s] Level 1:colcon.colcon_core.environment:checking '/root/ros2_ws/src/landcore_ros2/install/sllidar_ros2/lib/python3.12/site-packages'
[0.548s] Level 1:colcon.colcon_core.environment:checking '/root/ros2_ws/src/landcore_ros2/install/sllidar_ros2/bin'
[0.548s] INFO:colcon.colcon_core.shell:Creating package script '/root/ros2_ws/src/landcore_ros2/install/sllidar_ros2/share/sllidar_ros2/package.ps1'
[0.549s] INFO:colcon.colcon_core.shell:Creating package descriptor '/root/ros2_ws/src/landcore_ros2/install/sllidar_ros2/share/sllidar_ros2/package.dsv'
[0.549s] INFO:colcon.colcon_core.shell:Creating package script '/root/ros2_ws/src/landcore_ros2/install/sllidar_ros2/share/sllidar_ros2/package.sh'
[0.550s] INFO:colcon.colcon_core.shell:Creating package script '/root/ros2_ws/src/landcore_ros2/install/sllidar_ros2/share/sllidar_ros2/package.bash'
[0.550s] INFO:colcon.colcon_core.shell:Creating package script '/root/ros2_ws/src/landcore_ros2/install/sllidar_ros2/share/sllidar_ros2/package.zsh'
[0.551s] Level 1:colcon.colcon_core.environment:create_file_with_runtime_dependencies(/root/ros2_ws/src/landcore_ros2/install/sllidar_ros2/share/colcon-core/packages/sllidar_ros2)
[0.551s] Level 1:colcon.colcon_core.environment:create_environment_scripts_only(dc_encoder_service)
[0.551s] Level 1:colcon.colcon_core.environment:checking '/root/ros2_ws/src/landcore_ros2/install/dc_encoder_service' for CMake module files
[0.552s] DEBUG:colcon.colcon_core.event_handler.log_command:Invoked command in '/root/ros2_ws/src/landcore_ros2/build/dc_encoder_service' returned '0': CMAKE_PREFIX_PATH=${CMAKE_PREFIX_PATH}:/root/ros2_ws/install/landwheeldrive:/opt/ros/jazzy /usr/bin/cmake --install /root/ros2_ws/src/landcore_ros2/build/dc_encoder_service
[0.553s] Level 1:colcon.colcon_core.environment:checking '/root/ros2_ws/src/landcore_ros2/install/dc_encoder_service' for CMake config files
[0.553s] Level 1:colcon.colcon_core.shell:create_environment_hook('dc_encoder_service', 'cmake_prefix_path')
[0.554s] INFO:colcon.colcon_core.shell:Creating environment hook '/root/ros2_ws/src/landcore_ros2/install/dc_encoder_service/share/dc_encoder_service/hook/cmake_prefix_path.ps1'
[0.554s] INFO:colcon.colcon_core.shell:Creating environment descriptor '/root/ros2_ws/src/landcore_ros2/install/dc_encoder_service/share/dc_encoder_service/hook/cmake_prefix_path.dsv'
[0.554s] INFO:colcon.colcon_core.shell:Creating environment hook '/root/ros2_ws/src/landcore_ros2/install/dc_encoder_service/share/dc_encoder_service/hook/cmake_prefix_path.sh'
[0.555s] Level 1:colcon.colcon_core.environment:checking '/root/ros2_ws/src/landcore_ros2/install/dc_encoder_service/lib'
[0.555s] Level 1:colcon.colcon_core.shell:create_environment_hook('dc_encoder_service', 'ld_library_path_lib')
[0.555s] INFO:colcon.colcon_core.shell:Creating environment hook '/root/ros2_ws/src/landcore_ros2/install/dc_encoder_service/share/dc_encoder_service/hook/ld_library_path_lib.ps1'
[0.556s] INFO:colcon.colcon_core.shell:Creating environment descriptor '/root/ros2_ws/src/landcore_ros2/install/dc_encoder_service/share/dc_encoder_service/hook/ld_library_path_lib.dsv'
[0.556s] INFO:colcon.colcon_core.shell:Creating environment hook '/root/ros2_ws/src/landcore_ros2/install/dc_encoder_service/share/dc_encoder_service/hook/ld_library_path_lib.sh'
[0.556s] Level 1:colcon.colcon_core.environment:checking '/root/ros2_ws/src/landcore_ros2/install/dc_encoder_service/bin'
[0.557s] Level 1:colcon.colcon_core.environment:checking '/root/ros2_ws/src/landcore_ros2/install/dc_encoder_service/lib/pkgconfig/dc_encoder_service.pc'
[0.557s] Level 1:colcon.colcon_core.environment:checking '/root/ros2_ws/src/landcore_ros2/install/dc_encoder_service/lib/python3.12/site-packages'
[0.557s] Level 1:colcon.colcon_core.shell:create_environment_hook('dc_encoder_service', 'pythonpath')
[0.557s] INFO:colcon.colcon_core.shell:Creating environment hook '/root/ros2_ws/src/landcore_ros2/install/dc_encoder_service/share/dc_encoder_service/hook/pythonpath.ps1'
[0.557s] INFO:colcon.colcon_core.shell:Creating environment descriptor '/root/ros2_ws/src/landcore_ros2/install/dc_encoder_service/share/dc_encoder_service/hook/pythonpath.dsv'
[0.558s] INFO:colcon.colcon_core.shell:Creating environment hook '/root/ros2_ws/src/landcore_ros2/install/dc_encoder_service/share/dc_encoder_service/hook/pythonpath.sh'
[0.558s] Level 1:colcon.colcon_core.environment:checking '/root/ros2_ws/src/landcore_ros2/install/dc_encoder_service/bin'
[0.559s] INFO:colcon.colcon_core.shell:Creating package script '/root/ros2_ws/src/landcore_ros2/install/dc_encoder_service/share/dc_encoder_service/package.ps1'
[0.559s] INFO:colcon.colcon_core.shell:Creating package descriptor '/root/ros2_ws/src/landcore_ros2/install/dc_encoder_service/share/dc_encoder_service/package.dsv'
[0.560s] INFO:colcon.colcon_core.shell:Creating package script '/root/ros2_ws/src/landcore_ros2/install/dc_encoder_service/share/dc_encoder_service/package.sh'
[0.560s] INFO:colcon.colcon_core.shell:Creating package script '/root/ros2_ws/src/landcore_ros2/install/dc_encoder_service/share/dc_encoder_service/package.bash'
[0.561s] INFO:colcon.colcon_core.shell:Creating package script '/root/ros2_ws/src/landcore_ros2/install/dc_encoder_service/share/dc_encoder_service/package.zsh'
[0.561s] Level 1:colcon.colcon_core.environment:create_file_with_runtime_dependencies(/root/ros2_ws/src/landcore_ros2/install/dc_encoder_service/share/colcon-core/packages/dc_encoder_service)
[0.562s] Level 1:colcon.colcon_core.environment:create_environment_scripts_only(dc_encoder_service)
[0.562s] Level 1:colcon.colcon_core.environment:checking '/root/ros2_ws/src/landcore_ros2/install/dc_encoder_service' for CMake module files
[0.563s] Level 1:colcon.colcon_core.environment:checking '/root/ros2_ws/src/landcore_ros2/install/dc_encoder_service' for CMake config files
[0.564s] Level 1:colcon.colcon_core.shell:create_environment_hook('dc_encoder_service', 'cmake_prefix_path')
[0.564s] INFO:colcon.colcon_core.shell:Creating environment hook '/root/ros2_ws/src/landcore_ros2/install/dc_encoder_service/share/dc_encoder_service/hook/cmake_prefix_path.ps1'
[0.564s] INFO:colcon.colcon_core.shell:Creating environment descriptor '/root/ros2_ws/src/landcore_ros2/install/dc_encoder_service/share/dc_encoder_service/hook/cmake_prefix_path.dsv'
[0.565s] INFO:colcon.colcon_core.shell:Creating environment hook '/root/ros2_ws/src/landcore_ros2/install/dc_encoder_service/share/dc_encoder_service/hook/cmake_prefix_path.sh'
[0.565s] Level 1:colcon.colcon_core.environment:checking '/root/ros2_ws/src/landcore_ros2/install/dc_encoder_service/lib'
[0.566s] Level 1:colcon.colcon_core.shell:create_environment_hook('dc_encoder_service', 'ld_library_path_lib')
[0.566s] INFO:colcon.colcon_core.shell:Creating environment hook '/root/ros2_ws/src/landcore_ros2/install/dc_encoder_service/share/dc_encoder_service/hook/ld_library_path_lib.ps1'
[0.566s] INFO:colcon.colcon_core.shell:Creating environment descriptor '/root/ros2_ws/src/landcore_ros2/install/dc_encoder_service/share/dc_encoder_service/hook/ld_library_path_lib.dsv'
[0.566s] INFO:colcon.colcon_core.shell:Creating environment hook '/root/ros2_ws/src/landcore_ros2/install/dc_encoder_service/share/dc_encoder_service/hook/ld_library_path_lib.sh'
[0.567s] Level 1:colcon.colcon_core.environment:checking '/root/ros2_ws/src/landcore_ros2/install/dc_encoder_service/bin'
[0.567s] Level 1:colcon.colcon_core.environment:checking '/root/ros2_ws/src/landcore_ros2/install/dc_encoder_service/lib/pkgconfig/dc_encoder_service.pc'
[0.567s] Level 1:colcon.colcon_core.environment:checking '/root/ros2_ws/src/landcore_ros2/install/dc_encoder_service/lib/python3.12/site-packages'
[0.567s] Level 1:colcon.colcon_core.shell:create_environment_hook('dc_encoder_service', 'pythonpath')
[0.567s] INFO:colcon.colcon_core.shell:Creating environment hook '/root/ros2_ws/src/landcore_ros2/install/dc_encoder_service/share/dc_encoder_service/hook/pythonpath.ps1'
[0.568s] INFO:colcon.colcon_core.shell:Creating environment descriptor '/root/ros2_ws/src/landcore_ros2/install/dc_encoder_service/share/dc_encoder_service/hook/pythonpath.dsv'
[0.568s] INFO:colcon.colcon_core.shell:Creating environment hook '/root/ros2_ws/src/landcore_ros2/install/dc_encoder_service/share/dc_encoder_service/hook/pythonpath.sh'
[0.569s] Level 1:colcon.colcon_core.environment:checking '/root/ros2_ws/src/landcore_ros2/install/dc_encoder_service/bin'
[0.569s] INFO:colcon.colcon_core.shell:Creating package script '/root/ros2_ws/src/landcore_ros2/install/dc_encoder_service/share/dc_encoder_service/package.ps1'
[0.570s] INFO:colcon.colcon_core.shell:Creating package descriptor '/root/ros2_ws/src/landcore_ros2/install/dc_encoder_service/share/dc_encoder_service/package.dsv'
[0.571s] INFO:colcon.colcon_core.shell:Creating package script '/root/ros2_ws/src/landcore_ros2/install/dc_encoder_service/share/dc_encoder_service/package.sh'
[0.571s] INFO:colcon.colcon_core.shell:Creating package script '/root/ros2_ws/src/landcore_ros2/install/dc_encoder_service/share/dc_encoder_service/package.bash'
[0.572s] INFO:colcon.colcon_core.shell:Creating package script '/root/ros2_ws/src/landcore_ros2/install/dc_encoder_service/share/dc_encoder_service/package.zsh'
[0.572s] Level 1:colcon.colcon_core.environment:create_file_with_runtime_dependencies(/root/ros2_ws/src/landcore_ros2/install/dc_encoder_service/share/colcon-core/packages/dc_encoder_service)
[0.572s] INFO:colcon.colcon_ros.task.ament_python.build:Building ROS package in '/root/ros2_ws/src/landcore_ros2/landwheeldrive' with build type 'ament_python'
[0.573s] Level 1:colcon.colcon_core.shell:create_environment_hook('landwheeldrive', 'ament_prefix_path')
[0.573s] INFO:colcon.colcon_core.shell:Creating environment hook '/root/ros2_ws/src/landcore_ros2/install/landwheeldrive/share/landwheeldrive/hook/ament_prefix_path.ps1'
[0.573s] INFO:colcon.colcon_core.shell:Creating environment descriptor '/root/ros2_ws/src/landcore_ros2/install/landwheeldrive/share/landwheeldrive/hook/ament_prefix_path.dsv'
[0.574s] INFO:colcon.colcon_core.shell:Creating environment hook '/root/ros2_ws/src/landcore_ros2/install/landwheeldrive/share/landwheeldrive/hook/ament_prefix_path.sh'
[0.574s] INFO:colcon.colcon_core.shell:Skip shell extension 'powershell' for command environment: Not usable outside of PowerShell
[0.574s] DEBUG:colcon.colcon_core.shell:Skip shell extension 'dsv' for command environment
[0.579s] Level 1:colcon.colcon_core.environment:create_environment_scripts_only(landdrive)
[0.579s] Level 1:colcon.colcon_core.environment:checking '/root/ros2_ws/src/landcore_ros2/install/landdrive' for CMake module files
[0.579s] DEBUG:colcon.colcon_core.event_handler.log_command:Invoked command in '/root/ros2_ws/src/landcore_ros2/build/landdrive' returned '0': CMAKE_PREFIX_PATH=${CMAKE_PREFIX_PATH}:/root/ros2_ws/install/landwheeldrive:/opt/ros/jazzy /usr/bin/cmake --install /root/ros2_ws/src/landcore_ros2/build/landdrive
[0.580s] Level 1:colcon.colcon_core.environment:checking '/root/ros2_ws/src/landcore_ros2/install/landdrive' for CMake config files
[0.580s] Level 1:colcon.colcon_core.shell:create_environment_hook('landdrive', 'cmake_prefix_path')
[0.580s] INFO:colcon.colcon_core.shell:Creating environment hook '/root/ros2_ws/src/landcore_ros2/install/landdrive/share/landdrive/hook/cmake_prefix_path.ps1'
[0.581s] INFO:colcon.colcon_core.shell:Creating environment descriptor '/root/ros2_ws/src/landcore_ros2/install/landdrive/share/landdrive/hook/cmake_prefix_path.dsv'
[0.581s] INFO:colcon.colcon_core.shell:Creating environment hook '/root/ros2_ws/src/landcore_ros2/install/landdrive/share/landdrive/hook/cmake_prefix_path.sh'
[0.582s] Level 1:colcon.colcon_core.environment:checking '/root/ros2_ws/src/landcore_ros2/install/landdrive/lib'
[0.582s] Level 1:colcon.colcon_core.environment:checking '/root/ros2_ws/src/landcore_ros2/install/landdrive/bin'
[0.582s] Level 1:colcon.colcon_core.environment:checking '/root/ros2_ws/src/landcore_ros2/install/landdrive/lib/pkgconfig/landdrive.pc'
[0.582s] Level 1:colcon.colcon_core.environment:checking '/root/ros2_ws/src/landcore_ros2/install/landdrive/lib/python3.12/site-packages'
[0.583s] Level 1:colcon.colcon_core.environment:checking '/root/ros2_ws/src/landcore_ros2/install/landdrive/bin'
[0.583s] INFO:colcon.colcon_core.shell:Creating package script '/root/ros2_ws/src/landcore_ros2/install/landdrive/share/landdrive/package.ps1'
[0.583s] INFO:colcon.colcon_core.shell:Creating package descriptor '/root/ros2_ws/src/landcore_ros2/install/landdrive/share/landdrive/package.dsv'
[0.584s] INFO:colcon.colcon_core.shell:Creating package script '/root/ros2_ws/src/landcore_ros2/install/landdrive/share/landdrive/package.sh'
[0.584s] INFO:colcon.colcon_core.shell:Creating package script '/root/ros2_ws/src/landcore_ros2/install/landdrive/share/landdrive/package.bash'
[0.585s] INFO:colcon.colcon_core.shell:Creating package script '/root/ros2_ws/src/landcore_ros2/install/landdrive/share/landdrive/package.zsh'
[0.585s] Level 1:colcon.colcon_core.environment:create_file_with_runtime_dependencies(/root/ros2_ws/src/landcore_ros2/install/landdrive/share/colcon-core/packages/landdrive)
[0.586s] Level 1:colcon.colcon_core.environment:create_environment_scripts_only(landdrive)
[0.586s] Level 1:colcon.colcon_core.environment:checking '/root/ros2_ws/src/landcore_ros2/install/landdrive' for CMake module files
[0.587s] Level 1:colcon.colcon_core.environment:checking '/root/ros2_ws/src/landcore_ros2/install/landdrive' for CMake config files
[0.587s] Level 1:colcon.colcon_core.shell:create_environment_hook('landdrive', 'cmake_prefix_path')
[0.588s] INFO:colcon.colcon_core.shell:Creating environment hook '/root/ros2_ws/src/landcore_ros2/install/landdrive/share/landdrive/hook/cmake_prefix_path.ps1'
[0.588s] INFO:colcon.colcon_core.shell:Creating environment descriptor '/root/ros2_ws/src/landcore_ros2/install/landdrive/share/landdrive/hook/cmake_prefix_path.dsv'
[0.588s] INFO:colcon.colcon_core.shell:Creating environment hook '/root/ros2_ws/src/landcore_ros2/install/landdrive/share/landdrive/hook/cmake_prefix_path.sh'
[0.589s] Level 1:colcon.colcon_core.environment:checking '/root/ros2_ws/src/landcore_ros2/install/landdrive/lib'
[0.589s] Level 1:colcon.colcon_core.environment:checking '/root/ros2_ws/src/landcore_ros2/install/landdrive/bin'
[0.589s] Level 1:colcon.colcon_core.environment:checking '/root/ros2_ws/src/landcore_ros2/install/landdrive/lib/pkgconfig/landdrive.pc'
[0.590s] Level 1:colcon.colcon_core.environment:checking '/root/ros2_ws/src/landcore_ros2/install/landdrive/lib/python3.12/site-packages'
[0.590s] Level 1:colcon.colcon_core.environment:checking '/root/ros2_ws/src/landcore_ros2/install/landdrive/bin'
[0.590s] INFO:colcon.colcon_core.shell:Creating package script '/root/ros2_ws/src/landcore_ros2/install/landdrive/share/landdrive/package.ps1'
[0.591s] INFO:colcon.colcon_core.shell:Creating package descriptor '/root/ros2_ws/src/landcore_ros2/install/landdrive/share/landdrive/package.dsv'
[0.591s] INFO:colcon.colcon_core.shell:Creating package script '/root/ros2_ws/src/landcore_ros2/install/landdrive/share/landdrive/package.sh'
[0.592s] INFO:colcon.colcon_core.shell:Creating package script '/root/ros2_ws/src/landcore_ros2/install/landdrive/share/landdrive/package.bash'
[0.592s] INFO:colcon.colcon_core.shell:Creating package script '/root/ros2_ws/src/landcore_ros2/install/landdrive/share/landdrive/package.zsh'
[0.593s] Level 1:colcon.colcon_core.environment:create_file_with_runtime_dependencies(/root/ros2_ws/src/landcore_ros2/install/landdrive/share/colcon-core/packages/landdrive)
[0.737s] INFO:colcon.colcon_core.task.python.build:Building Python package in '/root/ros2_ws/src/landcore_ros2/landwheeldrive'
[0.737s] INFO:colcon.colcon_core.shell:Skip shell extension 'powershell' for command environment: Not usable outside of PowerShell
[0.737s] DEBUG:colcon.colcon_core.shell:Skip shell extension 'dsv' for command environment
[0.804s] DEBUG:colcon.colcon_core.task.python.build:Available setuptools commands: compile_catalog, build_clib, install_lib, check, develop, bdist_wheel, update_catalog, build_ext, install_scripts, install_data, install, sdist, build, install_headers, extract_messages, upload_docs, clean, upload, easy_install, install_egg_info, saveopts, init_catalog, egg_info, alias, bdist_egg, test, register, setopt, bdist_rpm, bdist, build_scripts, rotate, editable_wheel, bdist_dumb, dist_info, build_py, symlink_data
[0.806s] DEBUG:colcon.colcon_core.event_handler.log_command:Invoking command in '/root/ros2_ws/src/landcore_ros2/land_camera': PYTHONPATH=/root/ros2_ws/src/landcore_ros2/build/land_camera/prefix_override:/usr/lib/python3/dist-packages/colcon_core/task/python/colcon_distutils_commands:/root/ros2_ws/src/landcore_ros2/install/land_camera/lib/python3.12/site-packages:${PYTHONPATH} /usr/bin/python3 -W ignore:setup.py install is deprecated -W ignore:easy_install command is deprecated setup.py egg_info --egg-base ../build/land_camera build --build-base /root/ros2_ws/src/landcore_ros2/build/land_camera/build install --record /root/ros2_ws/src/landcore_ros2/build/land_camera/install.log --install-scripts $base/lib/land_camera --single-version-externally-managed install_data
[1.086s] Level 1:colcon.colcon_core.environment:checking '/root/ros2_ws/src/landcore_ros2/install/land_camera' for CMake module files
[1.087s] DEBUG:colcon.colcon_core.event_handler.log_command:Invoked command in '/root/ros2_ws/src/landcore_ros2/land_camera' returned '0': PYTHONPATH=/root/ros2_ws/src/landcore_ros2/build/land_camera/prefix_override:/usr/lib/python3/dist-packages/colcon_core/task/python/colcon_distutils_commands:/root/ros2_ws/src/landcore_ros2/install/land_camera/lib/python3.12/site-packages:${PYTHONPATH} /usr/bin/python3 -W ignore:setup.py install is deprecated -W ignore:easy_install command is deprecated setup.py egg_info --egg-base ../build/land_camera build --build-base /root/ros2_ws/src/landcore_ros2/build/land_camera/build install --record /root/ros2_ws/src/landcore_ros2/build/land_camera/install.log --install-scripts $base/lib/land_camera --single-version-externally-managed install_data
[1.087s] Level 1:colcon.colcon_core.environment:checking '/root/ros2_ws/src/landcore_ros2/install/land_camera' for CMake config files
[1.087s] Level 1:colcon.colcon_core.environment:checking '/root/ros2_ws/src/landcore_ros2/install/land_camera/lib'
[1.087s] Level 1:colcon.colcon_core.environment:checking '/root/ros2_ws/src/landcore_ros2/install/land_camera/bin'
[1.088s] Level 1:colcon.colcon_core.environment:checking '/root/ros2_ws/src/landcore_ros2/install/land_camera/lib/pkgconfig/land_camera.pc'
[1.088s] Level 1:colcon.colcon_core.environment:checking '/root/ros2_ws/src/landcore_ros2/install/land_camera/lib/python3.12/site-packages'
[1.088s] Level 1:colcon.colcon_core.shell:create_environment_hook('land_camera', 'pythonpath')
[1.088s] INFO:colcon.colcon_core.shell:Creating environment hook '/root/ros2_ws/src/landcore_ros2/install/land_camera/share/land_camera/hook/pythonpath.ps1'
[1.089s] INFO:colcon.colcon_core.shell:Creating environment descriptor '/root/ros2_ws/src/landcore_ros2/install/land_camera/share/land_camera/hook/pythonpath.dsv'
[1.089s] INFO:colcon.colcon_core.shell:Creating environment hook '/root/ros2_ws/src/landcore_ros2/install/land_camera/share/land_camera/hook/pythonpath.sh'
[1.090s] Level 1:colcon.colcon_core.environment:checking '/root/ros2_ws/src/landcore_ros2/install/land_camera/bin'
[1.090s] Level 1:colcon.colcon_core.environment:create_environment_scripts_only(land_camera)
[1.090s] INFO:colcon.colcon_core.shell:Creating package script '/root/ros2_ws/src/landcore_ros2/install/land_camera/share/land_camera/package.ps1'
[1.090s] INFO:colcon.colcon_core.shell:Creating package descriptor '/root/ros2_ws/src/landcore_ros2/install/land_camera/share/land_camera/package.dsv'
[1.090s] INFO:colcon.colcon_core.shell:Creating package script '/root/ros2_ws/src/landcore_ros2/install/land_camera/share/land_camera/package.sh'
[1.091s] INFO:colcon.colcon_core.shell:Creating package script '/root/ros2_ws/src/landcore_ros2/install/land_camera/share/land_camera/package.bash'
[1.091s] INFO:colcon.colcon_core.shell:Creating package script '/root/ros2_ws/src/landcore_ros2/install/land_camera/share/land_camera/package.zsh'
[1.091s] Level 1:colcon.colcon_core.environment:create_file_with_runtime_dependencies(/root/ros2_ws/src/landcore_ros2/install/land_camera/share/colcon-core/packages/land_camera)
[1.091s] DEBUG:colcon.colcon_core.task.python.build:Available setuptools commands: compile_catalog, build_clib, install_lib, check, develop, bdist_wheel, update_catalog, build_ext, install_scripts, install_data, install, sdist, build, install_headers, extract_messages, upload_docs, clean, upload, easy_install, install_egg_info, saveopts, init_catalog, egg_info, alias, bdist_egg, test, register, setopt, bdist_rpm, bdist, build_scripts, rotate, editable_wheel, bdist_dumb, dist_info, build_py, symlink_data
[1.092s] DEBUG:colcon.colcon_core.event_handler.log_command:Invoking command in '/root/ros2_ws/src/landcore_ros2/landwheeldrive': AMENT_PREFIX_PATH=/root/ros2_ws/src/landcore_ros2/install/dc_encoder_service:${AMENT_PREFIX_PATH} CMAKE_PREFIX_PATH=/root/ros2_ws/src/landcore_ros2/install/dc_encoder_service:${CMAKE_PREFIX_PATH} LD_LIBRARY_PATH=/root/ros2_ws/src/landcore_ros2/install/dc_encoder_service/lib:${LD_LIBRARY_PATH} PYTHONPATH=/root/ros2_ws/src/landcore_ros2/build/landwheeldrive/prefix_override:/usr/lib/python3/dist-packages/colcon_core/task/python/colcon_distutils_commands:/root/ros2_ws/src/landcore_ros2/install/landwheeldrive/lib/python3.12/site-packages:/root/ros2_ws/src/landcore_ros2/install/dc_encoder_service/lib/python3.12/site-packages:${PYTHONPATH} /usr/bin/python3 -W ignore:setup.py install is deprecated -W ignore:easy_install command is deprecated setup.py egg_info --egg-base ../build/landwheeldrive build --build-base /root/ros2_ws/src/landcore_ros2/build/landwheeldrive/build install --record /root/ros2_ws/src/landcore_ros2/build/landwheeldrive/install.log --install-scripts $base/lib/landwheeldrive --single-version-externally-managed install_data
[1.350s] Level 1:colcon.colcon_core.environment:checking '/root/ros2_ws/src/landcore_ros2/install/landwheeldrive' for CMake module files
[1.351s] DEBUG:colcon.colcon_core.event_handler.log_command:Invoked command in '/root/ros2_ws/src/landcore_ros2/landwheeldrive' returned '0': AMENT_PREFIX_PATH=/root/ros2_ws/src/landcore_ros2/install/dc_encoder_service:${AMENT_PREFIX_PATH} CMAKE_PREFIX_PATH=/root/ros2_ws/src/landcore_ros2/install/dc_encoder_service:${CMAKE_PREFIX_PATH} LD_LIBRARY_PATH=/root/ros2_ws/src/landcore_ros2/install/dc_encoder_service/lib:${LD_LIBRARY_PATH} PYTHONPATH=/root/ros2_ws/src/landcore_ros2/build/landwheeldrive/prefix_override:/usr/lib/python3/dist-packages/colcon_core/task/python/colcon_distutils_commands:/root/ros2_ws/src/landcore_ros2/install/landwheeldrive/lib/python3.12/site-packages:/root/ros2_ws/src/landcore_ros2/install/dc_encoder_service/lib/python3.12/site-packages:${PYTHONPATH} /usr/bin/python3 -W ignore:setup.py install is deprecated -W ignore:easy_install command is deprecated setup.py egg_info --egg-base ../build/landwheeldrive build --build-base /root/ros2_ws/src/landcore_ros2/build/landwheeldrive/build install --record /root/ros2_ws/src/landcore_ros2/build/landwheeldrive/install.log --install-scripts $base/lib/landwheeldrive --single-version-externally-managed install_data
[1.351s] Level 1:colcon.colcon_core.environment:checking '/root/ros2_ws/src/landcore_ros2/install/landwheeldrive' for CMake config files
[1.351s] Level 1:colcon.colcon_core.environment:checking '/root/ros2_ws/src/landcore_ros2/install/landwheeldrive/lib'
[1.351s] Level 1:colcon.colcon_core.environment:checking '/root/ros2_ws/src/landcore_ros2/install/landwheeldrive/bin'
[1.351s] Level 1:colcon.colcon_core.environment:checking '/root/ros2_ws/src/landcore_ros2/install/landwheeldrive/lib/pkgconfig/landwheeldrive.pc'
[1.351s] Level 1:colcon.colcon_core.environment:checking '/root/ros2_ws/src/landcore_ros2/install/landwheeldrive/lib/python3.12/site-packages'
[1.351s] Level 1:colcon.colcon_core.shell:create_environment_hook('landwheeldrive', 'pythonpath')
[1.351s] INFO:colcon.colcon_core.shell:Creating environment hook '/root/ros2_ws/src/landcore_ros2/install/landwheeldrive/share/landwheeldrive/hook/pythonpath.ps1'
[1.352s] INFO:colcon.colcon_core.shell:Creating environment descriptor '/root/ros2_ws/src/landcore_ros2/install/landwheeldrive/share/landwheeldrive/hook/pythonpath.dsv'
[1.352s] INFO:colcon.colcon_core.shell:Creating environment hook '/root/ros2_ws/src/landcore_ros2/install/landwheeldrive/share/landwheeldrive/hook/pythonpath.sh'
[1.352s] Level 1:colcon.colcon_core.environment:checking '/root/ros2_ws/src/landcore_ros2/install/landwheeldrive/bin'
[1.352s] Level 1:colcon.colcon_core.environment:create_environment_scripts_only(landwheeldrive)
[1.352s] INFO:colcon.colcon_core.shell:Creating package script '/root/ros2_ws/src/landcore_ros2/install/landwheeldrive/share/landwheeldrive/package.ps1'
[1.353s] INFO:colcon.colcon_core.shell:Creating package descriptor '/root/ros2_ws/src/landcore_ros2/install/landwheeldrive/share/landwheeldrive/package.dsv'
[1.353s] INFO:colcon.colcon_core.shell:Creating package script '/root/ros2_ws/src/landcore_ros2/install/landwheeldrive/share/landwheeldrive/package.sh'
[1.353s] INFO:colcon.colcon_core.shell:Creating package script '/root/ros2_ws/src/landcore_ros2/install/landwheeldrive/share/landwheeldrive/package.bash'
[1.353s] INFO:colcon.colcon_core.shell:Creating package script '/root/ros2_ws/src/landcore_ros2/install/landwheeldrive/share/landwheeldrive/package.zsh'
[1.353s] Level 1:colcon.colcon_core.environment:create_file_with_runtime_dependencies(/root/ros2_ws/src/landcore_ros2/install/landwheeldrive/share/colcon-core/packages/landwheeldrive)
[1.354s] DEBUG:colcon.colcon_parallel_executor.executor.parallel:closing loop
[1.354s] DEBUG:colcon.colcon_parallel_executor.executor.parallel:loop closed
[1.354s] DEBUG:colcon.colcon_parallel_executor.executor.parallel:run_until_complete finished with '0'
[1.354s] DEBUG:colcon.colcon_core.event_reactor:joining thread
[1.359s] INFO:colcon.colcon_core.plugin_system:Skipping extension 'colcon_notification.desktop_notification.notify_send': Could not find 'notify-send'
[1.360s] INFO:colcon.colcon_core.plugin_system:Skipping extension 'colcon_notification.desktop_notification.terminal_notifier': Not used on non-Darwin systems
[1.360s] INFO:colcon.colcon_core.plugin_system:Skipping extension 'colcon_notification.desktop_notification.win32': Not used on non-Windows systems
[1.360s] INFO:colcon.colcon_notification.desktop_notification:Sending desktop notification using 'notify2'
[1.362s] DEBUG:colcon.colcon_notification.desktop_notification.notify2:Failed to initialize notify2: org.freedesktop.DBus.Error.Spawn.ExecFailed: /usr/bin/dbus-launch terminated abnormally without any error message
[1.363s] DEBUG:colcon.colcon_core.event_reactor:joined thread
[1.363s] INFO:colcon.colcon_core.shell:Creating prefix script '/root/ros2_ws/src/landcore_ros2/install/local_setup.ps1'
[1.364s] INFO:colcon.colcon_core.shell:Creating prefix util module '/root/ros2_ws/src/landcore_ros2/install/_local_setup_util_ps1.py'
[1.365s] INFO:colcon.colcon_core.shell:Creating prefix chain script '/root/ros2_ws/src/landcore_ros2/install/setup.ps1'
[1.365s] INFO:colcon.colcon_core.shell:Creating prefix script '/root/ros2_ws/src/landcore_ros2/install/local_setup.sh'
[1.366s] INFO:colcon.colcon_core.shell:Creating prefix util module '/root/ros2_ws/src/landcore_ros2/install/_local_setup_util_sh.py'
[1.366s] INFO:colcon.colcon_core.shell:Creating prefix chain script '/root/ros2_ws/src/landcore_ros2/install/setup.sh'
[1.367s] INFO:colcon.colcon_core.shell:Creating prefix script '/root/ros2_ws/src/landcore_ros2/install/local_setup.bash'
[1.367s] INFO:colcon.colcon_core.shell:Creating prefix chain script '/root/ros2_ws/src/landcore_ros2/install/setup.bash'
[1.367s] INFO:colcon.colcon_core.shell:Creating prefix script '/root/ros2_ws/src/landcore_ros2/install/local_setup.zsh'
[1.368s] INFO:colcon.colcon_core.shell:Creating prefix chain script '/root/ros2_ws/src/landcore_ros2/install/setup.zsh'
