[0.222s] Invoking command in '/root/ros2_ws/src/landcore_ros2/build/landdrive': CMAKE_PREFIX_PATH=${CMAKE_PREFIX_PATH}:/root/ros2_ws/install/landwheeldrive:/opt/ros/jazzy /usr/bin/cmake --build /root/ros2_ws/src/landcore_ros2/build/landdrive -- -j12 -l12
[0.295s] [100%] Built target motordrive
[0.315s] Invoked command in '/root/ros2_ws/src/landcore_ros2/build/landdrive' returned '0': CMAKE_PREFIX_PATH=${CMAKE_PREFIX_PATH}:/root/ros2_ws/install/landwheeldrive:/opt/ros/jazzy /usr/bin/cmake --build /root/ros2_ws/src/landcore_ros2/build/landdrive -- -j12 -l12
[0.316s] Invoking command in '/root/ros2_ws/src/landcore_ros2/build/landdrive': CMAKE_PREFIX_PATH=${CMAKE_PREFIX_PATH}:/root/ros2_ws/install/landwheeldrive:/opt/ros/jazzy /usr/bin/cmake --install /root/ros2_ws/src/landcore_ros2/build/landdrive
[0.330s] -- Install configuration: ""
[0.330s] -- Up-to-date: /root/ros2_ws/src/landcore_ros2/install/landdrive/lib/landdrive/motordrive
[0.331s] -- Up-to-date: /root/ros2_ws/src/landcore_ros2/install/landdrive/share/ament_index/resource_index/package_run_dependencies/landdrive
[0.331s] -- Up-to-date: /root/ros2_ws/src/landcore_ros2/install/landdrive/share/ament_index/resource_index/parent_prefix_path/landdrive
[0.331s] -- Up-to-date: /root/ros2_ws/src/landcore_ros2/install/landdrive/share/landdrive/environment/ament_prefix_path.sh
[0.331s] -- Up-to-date: /root/ros2_ws/src/landcore_ros2/install/landdrive/share/landdrive/environment/ament_prefix_path.dsv
[0.331s] -- Up-to-date: /root/ros2_ws/src/landcore_ros2/install/landdrive/share/landdrive/environment/path.sh
[0.332s] -- Up-to-date: /root/ros2_ws/src/landcore_ros2/install/landdrive/share/landdrive/environment/path.dsv
[0.332s] -- Up-to-date: /root/ros2_ws/src/landcore_ros2/install/landdrive/share/landdrive/local_setup.bash
[0.332s] -- Up-to-date: /root/ros2_ws/src/landcore_ros2/install/landdrive/share/landdrive/local_setup.sh
[0.332s] -- Up-to-date: /root/ros2_ws/src/landcore_ros2/install/landdrive/share/landdrive/local_setup.zsh
[0.333s] -- Up-to-date: /root/ros2_ws/src/landcore_ros2/install/landdrive/share/landdrive/local_setup.dsv
[0.333s] -- Installing: /root/ros2_ws/src/landcore_ros2/install/landdrive/share/landdrive/package.dsv
[0.333s] -- Up-to-date: /root/ros2_ws/src/landcore_ros2/install/landdrive/share/ament_index/resource_index/packages/landdrive
[0.333s] -- Up-to-date: /root/ros2_ws/src/landcore_ros2/install/landdrive/share/landdrive/cmake/landdriveConfig.cmake
[0.333s] -- Up-to-date: /root/ros2_ws/src/landcore_ros2/install/landdrive/share/landdrive/cmake/landdriveConfig-version.cmake
[0.333s] -- Up-to-date: /root/ros2_ws/src/landcore_ros2/install/landdrive/share/landdrive/package.xml
[0.366s] Invoked command in '/root/ros2_ws/src/landcore_ros2/build/landdrive' returned '0': CMAKE_PREFIX_PATH=${CMAKE_PREFIX_PATH}:/root/ros2_ws/install/landwheeldrive:/opt/ros/jazzy /usr/bin/cmake --install /root/ros2_ws/src/landcore_ros2/build/landdrive
